2025-02-07 13:11:19,131 - INFO - helpers_bot.py - [1;33mdanndato[0m:[94m !player @gomiza [0m
2025-02-07 13:11:53,793 - INFO - helpers_bot.py - [1;33mdanndato[0m:[94m !player @edgarortiz05 [0m
2025-02-07 13:12:35,060 - INFO - helpers_bot.py - [1;33mdanndato[0m:[94m !player @orzon_brs [0m
2025-02-07 13:13:11,539 - INFO - helpers_bot.py - [1;33mdanndato[0m:[94m !recompensas [0m
2025-02-07 13:13:26,785 - INFO - helpers_bot.py - [1;33mdanndato[0m:[94m !skin [0m
2025-02-07 13:15:48,729 - INFO - helpers_bot.py - [1;33mdanndato[0m:[94m !top [0m
2025-02-07 13:16:03,795 - INFO - helpers_bot.py - [1;33mdanndato[0m:[94m !top 󠀀 [0m
2025-02-07 13:16:29,875 - INFO - helpers_bot.py - [1;33mdanndato[0m:[94m !player @xenogameDG1 [0m
2025-02-07 13:16:34,191 - INFO - helpers_bot.py - [1;33mdanndato[0m:[94m !player @xenogameGd1 [0m
2025-02-07 13:17:13,350 - INFO - helpers_bot.py - [1;33mdanndato[0m:[94m !player @dani_14k [0m
2025-02-07 13:35:47,632 - INFO - websocket.py - Successfully logged onto Twitch WS: danndato
2025-02-07 17:39:02,981 - ERROR - base_events.py - Exception in callback WSConnection._task_callback(':tmi.twitch....elcome, GLHF!')(<Task cancell...ocket.py:341>>)
handle: <Handle WSConnection._task_callback(':tmi.twitch....elcome, GLHF!')(<Task cancell...ocket.py:341>>)>
Traceback (most recent call last):
  File "/usr/lib/python3.11/asyncio/events.py", line 80, in _run
    self._context.run(self._callback, *self._args)
  File "/home/dann/Documents/dannbot/bot/lib/python3.11/site-packages/twitchio/websocket.py", line 198, in _task_callback
    exc = task.exception()
          ^^^^^^^^^^^^^^^^
  File "/home/dann/Documents/dannbot/bot/lib/python3.11/site-packages/twitchio/websocket.py", line 348, in _process_data
    return await self._code(parsed, parsed["code"])
           ^^^^^^^^^^^^^^^^^^^^^^^^^^^^^^^^^^^^^^^^
  File "/home/dann/Documents/dannbot/bot/lib/python3.11/site-packages/twitchio/websocket.py", line 377, in _code
    await self.is_ready.wait()
  File "/usr/lib/python3.11/asyncio/locks.py", line 213, in wait
    await fut
asyncio.exceptions.CancelledError
2025-02-07 17:45:22,377 - INFO - bot.py - Cargando token...
 
2025-02-07 17:45:22,378 - INFO - bot.py - -> Iniciando Twitch 
2025-02-07 17:45:22,378 - INFO - bot.py - -> Cargando comandos por módulos
2025-02-07 17:45:23,405 - INFO - websocket.py - Successfully logged onto Twitch WS: danndato
2025-02-07 17:45:23,479 - INFO - bot.py - Bot conectado como danndato
2025-02-07 17:45:23,479 - INFO - bot.py - En el canal: [0m439400816
2025-02-07 17:48:36,278 - INFO - bot.py - Cargando token...
 
2025-02-07 17:48:36,278 - INFO - bot.py - -> Iniciando Twitch 
2025-02-07 17:48:36,278 - INFO - bot.py - -> Cargando comandos por módulos
2025-02-07 17:48:37,326 - INFO - websocket.py - Successfully logged onto Twitch WS: danndato
2025-02-07 17:48:37,364 - INFO - bot.py - Bot conectado como danndato
2025-02-07 17:48:37,364 - INFO - bot.py - En el canal: [0m439400816
2025-02-07 17:49:22,891 - INFO - helpers_bot.py - [1;33mdanndato[0m:[94m !bot hey estoy probado esto [0m
