2025-01-20 11:26:38,084 - WARNING - bot.py - Cargando token...

2025-01-20 11:26:38,108 - INFO - bot.py - -> Iniciando módulos Twitch
2025-01-20 11:26:39,103 - INFO - websocket.py - Successfully logged onto Twitch WS: danndato
2025-01-20 11:26:39,258 - INFO - helpers_bot.py - [1;35mdanndato se ha unido[0m
2025-01-20 11:26:39,258 - INFO - bot.py - Bot conectado como danndato
2025-01-20 11:26:39,259 - INFO - bot.py - En el canal: [0m439400816
2025-01-20 11:26:47,729 - INFO - helpers_bot.py - [1;33mdanndato[0m:[94m!hola[0m
2025-01-20 11:26:55,673 - INFO - helpers_bot.py - [1;33mdanndato[0m:[94m!adios[0m
2025-01-20 11:27:03,999 - INFO - helpers_bot.py - [1;33mdanndato[0m:[94maaaaa[0m
2025-01-20 11:27:04,394 - INFO - helpers_bot.py - [1;33mdanndato[0m:[94maa[0m
2025-01-20 11:27:04,914 - INFO - helpers_bot.py - [1;33mdanndato[0m:[94maa[0m
2025-01-20 11:28:03,148 - INFO - helpers_bot.py - [1;33mdanndato[0m:[94m!duelo[0m
2025-01-20 11:28:14,257 - INFO - helpers_bot.py - [1;33mdanndato[0m:[94m!duelo[0m
2025-01-20 11:28:33,377 - INFO - helpers_bot.py - [1;33mdanndato[0m:[94m!insultar[0m
2025-01-20 11:28:42,455 - INFO - helpers_bot.py - [1;33mdanndato[0m:[94m!insultar[0m
2025-01-20 11:28:46,521 - INFO - helpers_bot.py - [1;33mdanndato[0m:[94m!insultar[0m
2025-01-20 11:28:50,840 - INFO - helpers_bot.py - [1;33mdanndato[0m:[94m!insultar[0m
2025-01-20 12:44:08,644 - INFO - websocket.py - Successfully logged onto Twitch WS: danndato
2025-01-20 12:44:08,905 - INFO - helpers_bot.py - [1;35mdanndato se ha unido[0m
2025-01-20 15:47:53,866 - INFO - websocket.py - Successfully logged onto Twitch WS: danndato
2025-01-20 15:47:54,284 - INFO - helpers_bot.py - [1;35mdanndato se ha unido[0m
2025-01-20 16:04:23,749 - INFO - helpers_bot.py - [1;33mdanndato[0m:[94maaaa[0m
2025-01-20 16:53:32,295 - INFO - helpers_bot.py - [1;35mdaividjb12 se ha unido[0m
2025-01-20 17:12:27,949 - INFO - helpers_bot.py - [1;35mdaividjb12 se ha unido[0m
2025-01-20 17:32:08,149 - INFO - helpers_bot.py - [1;35mdaividjb12 se ha unido[0m
2025-01-20 18:02:37,111 - INFO - helpers_bot.py - [1;35mdaividjb12 se ha unido[0m
2025-01-20 18:08:55,801 - INFO - helpers_bot.py - [1;35mdaividjb12 se ha unido[0m
2025-01-20 18:15:17,581 - INFO - helpers_bot.py - [1;35mlacrimotaku se ha unido[0m
2025-01-20 18:16:18,130 - INFO - helpers_bot.py - [1;35mdaividjb12 se ha unido[0m
2025-01-20 20:15:01,822 - INFO - helpers_bot.py - [1;35mxenogamegd1 se ha unido[0m
2025-01-20 20:24:08,008 - INFO - helpers_bot.py - [1;35mlacrimotaku se ha unido[0m
2025-01-20 20:29:03,018 - INFO - helpers_bot.py - [1;35mlacrimotaku se ha unido[0m
2025-01-20 20:58:38,607 - INFO - helpers_bot.py - [1;35mlacrimotaku se ha unido[0m
2025-01-20 21:06:02,047 - INFO - helpers_bot.py - [1;33mdanndato[0m:[94mdanndato[0m
2025-01-20 21:06:08,061 - INFO - helpers_bot.py - [1;33mdanndato[0m:[94m!ini[0m
2025-01-20 21:06:08,108 - INFO - helpers_admin.py - Último stream finalizado correctamente el 2025-01-17 23:38:39.
2025-01-20 21:06:08,187 - INFO - helpers_admin.py - Nuevo stream iniciado correctamente a las 2025-01-20 21:06:08.
2025-01-20 21:06:19,263 - INFO - helpers_bot.py - [1;33melkoalam[0m:[94mmuy[0m
2025-01-20 21:06:21,649 - INFO - helpers_bot.py - [1;33melkoalam[0m:[94ma[0m
2025-01-20 21:06:45,681 - INFO - helpers_bot.py - [1;33mlacrimotaku[0m:[94mholaaa[0m
2025-01-20 21:06:53,276 - INFO - helpers_bot.py - [1;33morzon_brs[0m:[94m!primero[0m
2025-01-20 21:06:53,328 - WARNING - helpers.py - Un stream está activo según la base de datos.
2025-01-20 21:06:53,544 - INFO - helpers_stats.py - Estadísticas actualizadas: first_user | orzon_brs: 1
2025-01-20 21:06:53,670 - INFO - helpers_stats.py - Estadísticas actualizadas: xp_Fuerza | orzon_brs: 3
2025-01-20 21:07:00,723 - INFO - helpers_bot.py - [1;33melkoalam[0m:[94mllegué[0m
2025-01-20 21:07:13,143 - INFO - helpers_bot.py - [1;33mlacrimotaku[0m:[94meste[0m
2025-01-20 21:07:21,026 - INFO - helpers_bot.py - [1;33mrebeccas_llamalovermeow[0m:[94mholi[0m
2025-01-20 21:07:36,212 - INFO - helpers_bot.py - [1;33morzon_brs[0m:[94mme[0m
2025-01-20 21:08:01,908 - INFO - helpers_bot.py - [1;35mesewey160 se ha unido[0m
2025-01-20 21:08:02,036 - INFO - helpers_bot.py - [1;35mlacrimotaku se ha unido[0m
2025-01-20 21:08:02,174 - INFO - helpers_bot.py - [1;35melkoalam se ha unido[0m
2025-01-20 21:08:16,791 - INFO - helpers_bot.py - [1;33mlacrimotaku[0m:[94mhermoso,[0m
2025-01-20 21:08:36,281 - INFO - helpers_bot.py - [1;33mrebeccas_llamalovermeow[0m:[94mcomo[0m
2025-01-20 21:08:48,790 - INFO - helpers_bot.py - [1;33mrebeccas_llamalovermeow[0m:[94mtemazo[0m
2025-01-20 21:08:49,136 - INFO - helpers_bot.py - [1;33morzon_brs[0m:[94mcortito[0m
2025-01-20 21:08:55,561 - INFO - helpers_bot.py - [1;33melkoalam[0m:[94mconfirmo[0m
2025-01-20 21:08:55,805 - INFO - helpers_bot.py - [1;33mrebeccas_llamalovermeow[0m:[94myippiiiiii[0m
2025-01-20 21:08:56,090 - INFO - helpers_bot.py - [1;33mlacrimotaku[0m:[94msi[0m
2025-01-20 21:09:08,389 - INFO - helpers_bot.py - [1;35mrebeccas_llamalovermeow se ha unido[0m
2025-01-20 21:09:08,512 - INFO - helpers_bot.py - [1;35mlauunieves se ha unido[0m
2025-01-20 21:09:08,631 - INFO - helpers_bot.py - [1;35morzon_brs se ha unido[0m
2025-01-20 21:09:09,516 - INFO - helpers_bot.py - [1;33morzon_brs[0m:[94mespera[0m
2025-01-20 21:09:12,255 - INFO - helpers_bot.py - [1;33morzon_brs[0m:[94manuncio![0m
2025-01-20 21:09:18,321 - INFO - helpers_bot.py - [1;33mlacrimotaku[0m:[94mperame[0m
2025-01-20 21:09:32,752 - INFO - helpers_bot.py - [1;33mrebeccas_llamalovermeow[0m:[94mmiaw[0m
2025-01-20 21:09:43,174 - INFO - helpers_bot.py - [1;33mlauunieves[0m:[94malguien[0m
2025-01-20 21:09:47,867 - INFO - helpers_bot.py - [1;33mrebeccas_llamalovermeow[0m:[94mjsjsjs[0m
2025-01-20 21:09:53,911 - INFO - helpers_bot.py - [1;33mlacrimotaku[0m:[94mlisto[0m
2025-01-20 21:09:56,946 - INFO - helpers_bot.py - [1;33mrebeccas_llamalovermeow[0m:[94m@lauunieves[0m
2025-01-20 21:10:04,649 - INFO - helpers_bot.py - [1;33mlauunieves[0m:[94m@rebeccas_llamalovermeow[0m
2025-01-20 21:10:07,835 - INFO - helpers_bot.py - [1;33mfrankraitv[0m:[94mdatoooo[0m
2025-01-20 21:10:11,642 - INFO - helpers_bot.py - [1;35mrebeccallamalover2 se ha unido[0m
2025-01-20 21:10:11,753 - INFO - helpers_bot.py - [1;35mkiibzk se ha unido[0m
2025-01-20 21:10:14,739 - INFO - helpers_bot.py - [1;33mfrankraitv[0m:[94mque[0m
2025-01-20 21:10:15,175 - INFO - helpers_bot.py - [1;33melkoalam[0m:[94mpor[0m
2025-01-20 21:10:23,157 - INFO - helpers_bot.py - [1;33mfrankraitv[0m:[94mfrankr27lovefrank[0m
2025-01-20 21:10:25,006 - INFO - helpers_bot.py - [1;33mrebeccas_llamalovermeow[0m:[94m@lauunieves[0m
2025-01-20 21:10:25,214 - INFO - helpers_bot.py - [1;33mlacrimotaku[0m:[94m@lauunieves[0m
2025-01-20 21:10:55,092 - INFO - helpers_bot.py - [1;33mfrankraitv[0m:[94mdannda3mblow[0m
2025-01-20 21:11:00,181 - INFO - helpers_bot.py - [1;33mrebeccas_llamalovermeow[0m:[94mq[0m
2025-01-20 21:11:04,977 - INFO - helpers_bot.py - [1;33mlauunieves[0m:[94m@lacrimotaku[0m
2025-01-20 21:11:10,082 - INFO - helpers_bot.py - [1;33mxenogamegd1[0m:[94m!ladrillo[0m
2025-01-20 21:11:10,178 - INFO - helpers_stats.py - Estadísticas actualizadas: ladrillos | channel: 1
2025-01-20 21:11:10,268 - INFO - helpers_stats.py - Estadísticas actualizadas: xp_Resistencia | xenogamegd1: 0.15
2025-01-20 21:11:14,047 - INFO - helpers_bot.py - [1;33mlauunieves[0m:[94mme[0m
2025-01-20 21:11:15,596 - INFO - helpers_bot.py - [1;33mfrankraitv[0m:[94m@lauunieves[0m
2025-01-20 21:11:21,133 - INFO - helpers_bot.py - [1;33mfrankraitv[0m:[94m!ladrillo[0m
2025-01-20 21:11:21,203 - INFO - helpers_stats.py - Estadísticas actualizadas: ladrillos | channel: 1
2025-01-20 21:11:21,314 - INFO - helpers_stats.py - Estadísticas actualizadas: xp_Resistencia | frankraitv: 0.15
2025-01-20 21:11:25,827 - INFO - helpers_bot.py - [1;33mrebeccas_llamalovermeow[0m:[94mxddd[0m
2025-01-20 21:11:31,447 - INFO - helpers_bot.py - [1;33mrebeccas_llamalovermeow[0m:[94m!ladrillo[0m
2025-01-20 21:11:31,531 - INFO - helpers_stats.py - Estadísticas actualizadas: ladrillos | channel: 1
2025-01-20 21:11:31,669 - INFO - helpers_stats.py - Estadísticas actualizadas: xp_Resistencia | rebeccas_llamalovermeow: 0.15
2025-01-20 21:11:40,051 - INFO - helpers_bot.py - [1;33mxenogamegd1[0m:[94m!ladrillo[0m
2025-01-20 21:11:40,200 - INFO - helpers_stats.py - Estadísticas actualizadas: ladrillos | channel: 1
2025-01-20 21:11:40,332 - INFO - helpers_stats.py - Estadísticas actualizadas: xp_Resistencia | xenogamegd1: 0.15
2025-01-20 21:11:41,710 - INFO - helpers_bot.py - [1;33mrebeccas_llamalovermeow[0m:[94majjajaja[0m
2025-01-20 21:11:48,598 - INFO - helpers_bot.py - [1;33mlacrimotaku[0m:[94m@lauunieves[0m
2025-01-20 21:11:50,139 - INFO - helpers_bot.py - [1;33mxenogamegd1[0m:[94mese[0m
2025-01-20 21:11:52,769 - INFO - helpers_bot.py - [1;33mlacrimotaku[0m:[94mlisto[0m
2025-01-20 21:11:53,400 - INFO - helpers_bot.py - [1;33morzon_brs[0m:[94mpinchis[0m
2025-01-20 21:12:00,563 - INFO - helpers_bot.py - [1;33mrebeccas_llamalovermeow[0m:[94m!como[0m
2025-01-20 21:12:03,675 - INFO - helpers_bot.py - [1;33mxenogamegd1[0m:[94m!ladrillo[0m
2025-01-20 21:12:03,773 - INFO - helpers_stats.py - Estadísticas actualizadas: ladrillos | channel: 1
2025-01-20 21:12:03,914 - INFO - helpers_stats.py - Estadísticas actualizadas: xp_Resistencia | xenogamegd1: 0.15
2025-01-20 21:12:07,583 - INFO - helpers_bot.py - [1;33mlauunieves[0m:[94m@lacrimotaku[0m
2025-01-20 21:12:08,425 - INFO - helpers_bot.py - [1;33mfrankraitv[0m:[94ma[0m
2025-01-20 21:12:11,482 - INFO - helpers_bot.py - [1;33mrebeccas_llamalovermeow[0m:[94m!sr[0m
2025-01-20 21:12:11,485 - INFO - general.py - rebeccas_llamalovermeowUso SR
2025-01-20 21:12:11,989 - INFO - helpers_bot.py - [1;33mnightbot[0m:[94m@rebeccas_llamalovermeow[0m
2025-01-20 21:12:16,562 - INFO - helpers_bot.py - [1;35mfrankraitv se ha unido[0m
2025-01-20 21:12:17,043 - INFO - helpers_bot.py - [1;33mfrankraitv[0m:[94mdannda3mblow[0m
2025-01-20 21:12:20,313 - INFO - helpers_bot.py - [1;33mxenogamegd1[0m:[94mque[0m
2025-01-20 21:12:26,508 - INFO - helpers_bot.py - [1;33morzon_brs[0m:[94mdeja[0m
2025-01-20 21:12:27,686 - INFO - helpers_bot.py - [1;33mlacrimotaku[0m:[94mmg[0m
2025-01-20 21:12:40,808 - INFO - helpers_bot.py - [1;33mxenogamegd1[0m:[94muna[0m
2025-01-20 21:12:53,713 - INFO - helpers_bot.py - [1;33mrebeccas_llamalovermeow[0m:[94m!sr[0m
2025-01-20 21:12:53,716 - INFO - general.py - rebeccas_llamalovermeowUso SR
2025-01-20 21:12:54,343 - INFO - helpers_bot.py - [1;33mnightbot[0m:[94m@rebeccas_llamalovermeow[0m
2025-01-20 21:12:57,198 - INFO - helpers_bot.py - [1;33mlacrimotaku[0m:[94mlisto[0m
2025-01-20 21:13:08,500 - INFO - helpers_bot.py - [1;33mxenogamegd1[0m:[94m50???[0m
2025-01-20 21:13:13,727 - INFO - helpers_bot.py - [1;35mxenogamegd1 se ha unido[0m
2025-01-20 21:13:18,565 - INFO - helpers_bot.py - [1;33morzon_brs[0m:[94mde[0m
2025-01-20 21:13:20,387 - INFO - helpers_bot.py - [1;33morzon_brs[0m:[94mjajaja[0m
2025-01-20 21:13:24,966 - INFO - helpers_bot.py - [1;33mfrankraitv[0m:[94mpero[0m
2025-01-20 21:13:27,270 - INFO - helpers_bot.py - [1;33mxenogamegd1[0m:[94mmejor[0m
2025-01-20 21:13:39,868 - INFO - helpers_bot.py - [1;33mfrankraitv[0m:[94mcarajo[0m
2025-01-20 21:13:43,097 - INFO - helpers_bot.py - [1;33mlacrimotaku[0m:[94mya[0m
2025-01-20 21:13:44,147 - INFO - helpers_bot.py - [1;33mrebeccas_llamalovermeow[0m:[94myo[0m
2025-01-20 21:13:59,252 - INFO - helpers_bot.py - [1;33mfrankraitv[0m:[94mme[0m
2025-01-20 21:14:05,194 - INFO - helpers_bot.py - [1;33mlacrimotaku[0m:[94mla[0m
2025-01-20 21:14:14,135 - INFO - helpers_bot.py - [1;33mrebeccas_llamalovermeow[0m:[94mmiaw,[0m
2025-01-20 21:14:21,939 - INFO - helpers_bot.py - [1;33mxenogamegd1[0m:[94mahora[0m
2025-01-20 21:14:25,786 - INFO - helpers_bot.py - [1;33mdani_14k[0m:[94mdann[0m
2025-01-20 21:14:35,132 - INFO - helpers_bot.py - [1;33mlauunieves[0m:[94mxd[0m
2025-01-20 21:14:52,312 - INFO - helpers_bot.py - [1;33morzon_brs[0m:[94m!insultar[0m
2025-01-20 21:15:00,180 - INFO - helpers_bot.py - [1;33mrebeccas_llamalovermeow[0m:[94mya[0m
2025-01-20 21:15:04,532 - INFO - helpers_bot.py - [1;33mxenogamegd1[0m:[94mdan,[0m
2025-01-20 21:15:13,769 - INFO - helpers_bot.py - [1;33melkoalam[0m:[94mya[0m
2025-01-20 21:15:14,485 - INFO - helpers_bot.py - [1;33mlacrimotaku[0m:[94m@lauunieves[0m
2025-01-20 21:15:39,387 - INFO - helpers_bot.py - [1;33morzon_brs[0m:[94mperrito[0m
2025-01-20 21:15:43,486 - INFO - helpers_bot.py - [1;33mlacrimotaku[0m:[94mnos[0m
2025-01-20 21:15:45,375 - INFO - helpers_bot.py - [1;33mxenogamegd1[0m:[94mya[0m
2025-01-20 21:15:48,602 - INFO - helpers_bot.py - [1;33mrebeccas_llamalovermeow[0m:[94mal[0m
2025-01-20 21:15:56,081 - INFO - helpers_bot.py - [1;33melkoalam[0m:[94mavisas[0m
2025-01-20 21:16:08,715 - INFO - helpers_bot.py - [1;33mlauunieves[0m:[94m@lacrimotaku[0m
2025-01-20 21:16:10,311 - INFO - helpers_bot.py - [1;33mmarlightwi[0m:[94mhallo[0m
2025-01-20 21:16:16,125 - INFO - helpers_bot.py - [1;35mnabuconodosorii se ha unido[0m
2025-01-20 21:16:16,228 - INFO - helpers_bot.py - [1;35mdani_14k se ha unido[0m
2025-01-20 21:16:16,819 - INFO - helpers_bot.py - [1;33mrebeccas_llamalovermeow[0m:[94mtemazo[0m
2025-01-20 21:16:26,138 - INFO - helpers_bot.py - [1;33mdani_14k[0m:[94m!lurk[0m
2025-01-20 21:16:35,805 - INFO - helpers_bot.py - [1;33mxenogamegd1[0m:[94m!ladrillo[0m
2025-01-20 21:16:35,880 - INFO - helpers_stats.py - Estadísticas actualizadas: ladrillos | channel: 1
2025-01-20 21:16:35,956 - INFO - helpers_stats.py - Estadísticas actualizadas: xp_Resistencia | xenogamegd1: 0.15
2025-01-20 21:16:36,596 - INFO - helpers_bot.py - [1;33mxenogamegd1[0m:[94m!ladrillo[0m
2025-01-20 21:16:36,675 - INFO - helpers_stats.py - Estadísticas actualizadas: ladrillos | channel: 1
2025-01-20 21:16:36,732 - INFO - helpers_stats.py - Estadísticas actualizadas: xp_Resistencia | xenogamegd1: 0.15
2025-01-20 21:16:37,101 - INFO - helpers_bot.py - [1;33mxenogamegd1[0m:[94m!ladrillo[0m
2025-01-20 21:16:37,209 - INFO - helpers_stats.py - Estadísticas actualizadas: ladrillos | channel: 1
2025-01-20 21:16:37,295 - INFO - helpers_stats.py - Estadísticas actualizadas: xp_Resistencia | xenogamegd1: 0.15
2025-01-20 21:16:42,322 - INFO - helpers_bot.py - [1;33mmarlightwi[0m:[94mestem[0m
2025-01-20 21:16:43,925 - INFO - helpers_bot.py - [1;33mlacrimotaku[0m:[94mdato[0m
2025-01-20 21:16:46,495 - INFO - helpers_bot.py - [1;33mmarlightwi[0m:[94mvaliendo[0m
2025-01-20 21:16:49,026 - INFO - helpers_bot.py - [1;33mxenogamegd1[0m:[94mcuantos[0m
2025-01-20 21:16:53,789 - INFO - helpers_bot.py - [1;33mrebeccas_llamalovermeow[0m:[94mquiero[0m
2025-01-20 21:17:17,542 - INFO - helpers_bot.py - [1;33mrebeccas_llamalovermeow[0m:[94mmiaw[0m
2025-01-20 21:17:20,361 - INFO - helpers_bot.py - [1;33mmarlightwi[0m:[94mentro[0m
2025-01-20 21:17:31,074 - INFO - helpers_bot.py - [1;33mxenogamegd1[0m:[94mregalame[0m
2025-01-20 21:17:36,040 - INFO - helpers_bot.py - [1;33mlacrimotaku[0m:[94mtodos[0m
2025-01-20 21:17:38,476 - INFO - helpers_bot.py - [1;33mlauunieves[0m:[94m@marlightwi[0m
2025-01-20 21:17:42,549 - INFO - helpers_bot.py - [1;33mlacrimotaku[0m:[94mpero[0m
2025-01-20 21:17:45,122 - INFO - helpers_bot.py - [1;33mdani_14k[0m:[94m!ban?[0m
2025-01-20 21:18:00,674 - INFO - helpers_bot.py - [1;33mrebeccas_llamalovermeow[0m:[94myo[0m
2025-01-20 21:18:02,388 - INFO - helpers_bot.py - [1;33mxenogamegd1[0m:[94mpato[0m
2025-01-20 21:18:08,508 - INFO - helpers_bot.py - [1;33mdani_14k[0m:[94mquien[0m
2025-01-20 21:18:12,576 - INFO - helpers_bot.py - [1;33mdani_14k[0m:[94m!primero[0m
2025-01-20 21:18:12,607 - WARNING - helpers.py - Un stream está activo según la base de datos.
2025-01-20 21:18:20,208 - INFO - helpers_bot.py - [1;35melchihuahua4 se ha unido[0m
2025-01-20 21:18:20,346 - INFO - helpers_bot.py - [1;35mmarlightwi se ha unido[0m
2025-01-20 21:18:20,453 - INFO - helpers_bot.py - [1;35mjohanleosallegal se ha unido[0m
2025-01-20 21:18:20,548 - INFO - helpers_bot.py - [1;35mxxaliciakeysxx se ha unido[0m
2025-01-20 21:18:20,658 - INFO - helpers_bot.py - [1;35mlatierraesplanasiono se ha unido[0m
2025-01-20 21:18:20,754 - INFO - helpers_bot.py - [1;35mlocochon972 se ha unido[0m
2025-01-20 21:18:23,187 - INFO - helpers_bot.py - [1;33mlacrimotaku[0m:[94my[0m
2025-01-20 21:18:26,470 - INFO - helpers_bot.py - [1;33mdani_14k[0m:[94morzon????????[0m
2025-01-20 21:18:39,558 - INFO - helpers_bot.py - [1;33mxenogamegd1[0m:[94mlee[0m
2025-01-20 21:18:47,342 - INFO - helpers_bot.py - [1;33mrebeccas_llamalovermeow[0m:[94myo[0m
2025-01-20 21:18:56,881 - INFO - helpers_bot.py - [1;33mmarlightwi[0m:[94m@lauunieves[0m
2025-01-20 21:19:06,738 - INFO - helpers_bot.py - [1;33mrebeccas_llamalovermeow[0m:[94mchi[0m
2025-01-20 21:19:25,595 - INFO - helpers_bot.py - [1;33mrebeccas_llamalovermeow[0m:[94mtemazo[0m
2025-01-20 21:19:29,143 - INFO - helpers_bot.py - [1;35mpato_rendon se ha unido[0m
2025-01-20 21:19:35,629 - INFO - helpers_bot.py - [1;33mlacrimotaku[0m:[94mdan,[0m
2025-01-20 21:19:45,734 - INFO - helpers_bot.py - [1;33mrebeccas_llamalovermeow[0m:[94mmiaw,amo[0m
2025-01-20 21:19:49,343 - INFO - helpers_bot.py - [1;33mmarlightwi[0m:[94mpero[0m
2025-01-20 21:19:53,529 - INFO - helpers_bot.py - [1;33mmarlightwi[0m:[94mfallcry[0m
2025-01-20 21:19:55,462 - INFO - helpers_bot.py - [1;33mlacrimotaku[0m:[94mes[0m
2025-01-20 21:19:59,124 - INFO - helpers_bot.py - [1;33mlacrimotaku[0m:[94mbasicamente[0m
2025-01-20 21:20:01,356 - INFO - helpers_bot.py - [1;33mdani_14k[0m:[94maún[0m
2025-01-20 21:20:01,618 - INFO - helpers_bot.py - [1;33mlauunieves[0m:[94m@marlightwi[0m
2025-01-20 21:20:12,890 - INFO - helpers_bot.py - [1;33mrebeccas_llamalovermeow[0m:[94mchi[0m
2025-01-20 21:20:24,914 - INFO - helpers_bot.py - [1;33mlacrimotaku[0m:[94mle[0m
2025-01-20 21:20:27,282 - INFO - helpers_bot.py - [1;33mlacrimotaku[0m:[94mo[0m
2025-01-20 21:20:28,251 - INFO - helpers_bot.py - [1;33mmarlightwi[0m:[94mmi[0m
2025-01-20 21:20:29,582 - INFO - helpers_bot.py - [1;35mcheko95g se ha unido[0m
2025-01-20 21:20:30,968 - INFO - helpers_bot.py - [1;33mrebeccas_llamalovermeow[0m:[94mq[0m
2025-01-20 21:20:36,366 - INFO - helpers_bot.py - [1;33mxenogamegd1[0m:[94mdan[0m
2025-01-20 21:20:48,644 - INFO - helpers_bot.py - [1;33mdani_14k[0m:[94morzon[0m
2025-01-20 21:20:57,685 - INFO - helpers_bot.py - [1;33mdani_14k[0m:[94mfijen[0m
2025-01-20 21:20:59,338 - INFO - helpers_bot.py - [1;33mlauunieves[0m:[94mel[0m
2025-01-20 21:21:19,003 - INFO - helpers_bot.py - [1;33mmarlightwi[0m:[94m@lauunieves[0m
2025-01-20 21:21:26,373 - INFO - helpers_bot.py - [1;33mrebeccas_llamalovermeow[0m:[94mq[0m
2025-01-20 21:21:26,549 - INFO - helpers_bot.py - [1;33mxenogamegd1[0m:[94mmirando[0m
2025-01-20 21:21:40,937 - INFO - helpers_bot.py - [1;33mdani_14k[0m:[94m@xenogamegd1[0m
2025-01-20 21:22:01,682 - INFO - helpers_bot.py - [1;33mlauunieves[0m:[94m@marlightwi[0m
2025-01-20 21:22:02,067 - INFO - helpers_bot.py - [1;33mmarlightwi[0m:[94men[0m
2025-01-20 21:22:02,783 - INFO - helpers_bot.py - [1;33mdani_14k[0m:[94msi[0m
2025-01-20 21:22:03,660 - INFO - helpers_bot.py - [1;33mrebeccas_llamalovermeow[0m:[94mjajajajs[0m
2025-01-20 21:22:07,076 - INFO - helpers_bot.py - [1;33mlacrimotaku[0m:[94mese[0m
2025-01-20 21:22:26,473 - INFO - helpers_bot.py - [1;33mlacrimotaku[0m:[94msiii[0m
2025-01-20 21:22:32,670 - INFO - helpers_bot.py - [1;33mlacrimotaku[0m:[94mme[0m
2025-01-20 21:22:37,099 - INFO - helpers_bot.py - [1;33mrebeccas_llamalovermeow[0m:[94mhermoso[0m
2025-01-20 21:22:52,460 - INFO - helpers_bot.py - [1;33mmarlightwi[0m:[94m@lauunieves[0m
2025-01-20 21:22:52,881 - INFO - helpers_bot.py - [1;33mdani_14k[0m:[94mno[0m
2025-01-20 21:22:59,856 - INFO - helpers_bot.py - [1;33mxenogamegd1[0m:[94mmira[0m
2025-01-20 21:23:03,240 - INFO - helpers_bot.py - [1;33mdani_14k[0m:[94mallá[0m
2025-01-20 21:23:21,149 - INFO - helpers_bot.py - [1;33mdaarlaaaaa[0m:[94msiiiiiiiii[0m
2025-01-20 21:23:21,801 - INFO - helpers_bot.py - [1;33mrebeccas_llamalovermeow[0m:[94mchi[0m
2025-01-20 21:23:24,246 - INFO - helpers_bot.py - [1;33mdaarlaaaaa[0m:[94my[0m
2025-01-20 21:23:26,564 - INFO - helpers_bot.py - [1;33mlacrimotaku[0m:[94mhay[0m
2025-01-20 21:23:33,166 - INFO - helpers_bot.py - [1;33mdani_14k[0m:[94m!daarlaaaaa[0m
2025-01-20 21:23:34,595 - INFO - helpers_bot.py - [1;33mlacrimotaku[0m:[94mwey[0m
2025-01-20 21:23:47,447 - INFO - helpers_bot.py - [1;33mrebeccas_llamalovermeow[0m:[94mmamiii[0m
2025-01-20 21:23:47,739 - INFO - helpers_bot.py - [1;33mdaarlaaaaa[0m:[94m@dani_14k[0m
2025-01-20 21:23:51,098 - INFO - helpers_bot.py - [1;33mdaarlaaaaa[0m:[94mholiiiiiiiiiiii[0m
2025-01-20 21:23:55,161 - INFO - helpers_bot.py - [1;33mdaarlaaaaa[0m:[94mporfinnnnnnnnnnnnnnnnnn[0m
2025-01-20 21:23:56,959 - INFO - helpers_bot.py - [1;33mdani_14k[0m:[94m@daarlaaaaa[0m
2025-01-20 21:23:57,585 - INFO - helpers_bot.py - [1;33mdaarlaaaaa[0m:[94mahuevooooooo[0m
2025-01-20 21:24:00,949 - INFO - helpers_bot.py - [1;33mxenogamegd1[0m:[94mdan[0m
2025-01-20 21:24:02,812 - INFO - helpers_bot.py - [1;33mdaarlaaaaa[0m:[94mse[0m
2025-01-20 21:24:11,866 - INFO - helpers_bot.py - [1;33mrebeccas_llamalovermeow[0m:[94mya[0m
2025-01-20 21:24:12,404 - INFO - helpers_bot.py - [1;33mdaarlaaaaa[0m:[94mlockdowwwwwn[0m
2025-01-20 21:24:12,622 - INFO - helpers_bot.py - [1;33mlauunieves[0m:[94m@marlightwi[0m
2025-01-20 21:24:20,538 - INFO - helpers_bot.py - [1;33mjohanleosallegal[0m:[94mcheer[0m
2025-01-20 21:24:32,025 - INFO - helpers_bot.py - [1;33mjohanleosallegal[0m:[94mcheer1[0m
2025-01-20 21:24:33,623 - INFO - helpers_bot.py - [1;33mlacrimotaku[0m:[94muna[0m
2025-01-20 21:24:38,744 - INFO - helpers_bot.py - [1;35mdaarlaaaaa se ha unido[0m
2025-01-20 21:24:50,054 - INFO - helpers_bot.py - [1;33mrebeccas_llamalovermeow[0m:[94mq[0m
2025-01-20 21:24:54,263 - INFO - helpers_bot.py - [1;33mdani_14k[0m:[94m@johanleosallegal[0m
2025-01-20 21:24:57,982 - INFO - helpers_bot.py - [1;33mlacrimotaku[0m:[94mbesod[0m
2025-01-20 21:24:58,553 - INFO - helpers_bot.py - [1;33mdaarlaaaaa[0m:[94m@rebeccas_llamalovermeow[0m
2025-01-20 21:25:00,150 - INFO - helpers_bot.py - [1;33mdaarlaaaaa[0m:[94masi[0m
2025-01-20 21:25:05,392 - INFO - helpers_bot.py - [1;33mdani_14k[0m:[94m@rebeccas_llamalovermeow[0m
2025-01-20 21:25:11,662 - INFO - helpers_bot.py - [1;33mlacrimotaku[0m:[94marre[0m
2025-01-20 21:25:13,897 - INFO - helpers_bot.py - [1;33mlacrimotaku[0m:[94ma[0m
2025-01-20 21:25:16,570 - INFO - helpers_bot.py - [1;33mrebeccas_llamalovermeow[0m:[94m@daarlaaaaa[0m
2025-01-20 21:25:26,499 - INFO - helpers_bot.py - [1;33mmarlightwi[0m:[94m@lauunieves[0m
2025-01-20 21:25:32,175 - INFO - helpers_bot.py - [1;33mmarlightwi[0m:[94mme[0m
2025-01-20 21:25:32,582 - INFO - helpers_bot.py - [1;33mlacrimotaku[0m:[94mnomas[0m
2025-01-20 21:25:35,189 - INFO - helpers_bot.py - [1;33mlacrimotaku[0m:[94mpor[0m
2025-01-20 21:25:37,556 - INFO - helpers_bot.py - [1;33mlacrimotaku[0m:[94mxd[0m
2025-01-20 21:25:38,871 - INFO - helpers_bot.py - [1;33mmarlightwi[0m:[94mya[0m
2025-01-20 21:25:49,017 - INFO - helpers_bot.py - [1;33mdani_14k[0m:[94mno[0m
2025-01-20 21:25:49,297 - INFO - helpers_bot.py - [1;33mxenogamegd1[0m:[94my[0m
2025-01-20 21:25:59,820 - INFO - helpers_bot.py - [1;33mfrankraitv[0m:[94mya[0m
2025-01-20 21:26:03,232 - INFO - helpers_bot.py - [1;33mfrankraitv[0m:[94mdannda3mblow[0m
2025-01-20 21:26:15,086 - INFO - helpers_bot.py - [1;33mrebeccas_llamalovermeow[0m:[94mbienvenideee[0m
2025-01-20 21:26:24,570 - INFO - helpers_bot.py - [1;33mlacrimotaku[0m:[94mmi[0m
2025-01-20 21:26:26,665 - INFO - helpers_bot.py - [1;33mfrankraitv[0m:[94mfrankr27frankjuahaha[0m
2025-01-20 21:26:30,424 - INFO - helpers_bot.py - [1;33mxenogamegd1[0m:[94mdannda3dance[0m
2025-01-20 21:26:36,802 - INFO - helpers_bot.py - [1;33mlauunieves[0m:[94mdannda3omg[0m
2025-01-20 21:26:37,233 - INFO - helpers_bot.py - [1;35mjohanleosallegal se ha unido[0m
2025-01-20 21:26:42,939 - INFO - helpers_bot.py - [1;33mfrankraitv[0m:[94m@lacrimotaku[0m
2025-01-20 21:26:43,805 - INFO - helpers_bot.py - [1;33mrebeccas_llamalovermeow[0m:[94my[0m
2025-01-20 21:26:52,098 - INFO - helpers_bot.py - [1;33mmarlightwi[0m:[94mque[0m
2025-01-20 21:26:53,245 - INFO - helpers_bot.py - [1;33mfrankraitv[0m:[94mdile[0m
2025-01-20 21:26:53,439 - INFO - helpers_bot.py - [1;33mlacrimotaku[0m:[94mno[0m
2025-01-20 21:27:08,939 - INFO - helpers_bot.py - [1;33mimportar_[0m:[94mhola[0m
2025-01-20 21:27:09,687 - INFO - helpers_bot.py - [1;33mdani_14k[0m:[94myo[0m
2025-01-20 21:27:13,881 - INFO - helpers_bot.py - [1;33mxenogamegd1[0m:[94mojala[0m
2025-01-20 21:27:16,567 - INFO - helpers_bot.py - [1;33mfrankraitv[0m:[94m@lacrimotaku[0m
2025-01-20 21:27:20,245 - INFO - helpers_bot.py - [1;33mdani_14k[0m:[94m@importar_[0m
2025-01-20 21:27:22,900 - INFO - helpers_bot.py - [1;33mrebeccas_llamalovermeow[0m:[94mmiaw[0m
2025-01-20 21:27:27,611 - INFO - helpers_bot.py - [1;33mfrankraitv[0m:[94mbueno[0m
2025-01-20 21:27:30,430 - INFO - helpers_bot.py - [1;33mimportar_[0m:[94mpiola[0m
2025-01-20 21:27:35,040 - INFO - helpers_bot.py - [1;33mmarlightwi[0m:[94msi[0m
2025-01-20 21:27:43,057 - INFO - helpers_bot.py - [1;35mfrankraitv se ha unido[0m
2025-01-20 21:27:43,152 - INFO - helpers_bot.py - [1;35mmariilyn2_ se ha unido[0m
2025-01-20 21:27:43,797 - INFO - helpers_bot.py - [1;33mlacrimotaku[0m:[94mobvio[0m
2025-01-20 21:27:45,420 - INFO - helpers_bot.py - [1;33mxenogamegd1[0m:[94m!ladrillo[0m
2025-01-20 21:27:45,509 - INFO - helpers_stats.py - Estadísticas actualizadas: ladrillos | channel: 1
2025-01-20 21:27:45,601 - INFO - helpers_stats.py - Estadísticas actualizadas: xp_Resistencia | xenogamegd1: 0.15
2025-01-20 21:27:47,057 - INFO - helpers_bot.py - [1;33mlacrimotaku[0m:[94m<3[0m
2025-01-20 21:27:50,018 - INFO - helpers_bot.py - [1;33mxenogamegd1[0m:[94m!ladrillo[0m
2025-01-20 21:27:50,128 - INFO - helpers_stats.py - Estadísticas actualizadas: ladrillos | channel: 1
2025-01-20 21:27:50,222 - INFO - helpers_stats.py - Estadísticas actualizadas: xp_Resistencia | xenogamegd1: 0.15
2025-01-20 21:27:50,687 - INFO - helpers_bot.py - [1;33mxenogamegd1[0m:[94m!ladrillo[0m
2025-01-20 21:27:50,759 - INFO - helpers_stats.py - Estadísticas actualizadas: ladrillos | channel: 1
2025-01-20 21:27:50,838 - INFO - helpers_stats.py - Estadísticas actualizadas: xp_Resistencia | xenogamegd1: 0.15
2025-01-20 21:27:55,822 - INFO - helpers_bot.py - [1;33mrebeccas_llamalovermeow[0m:[94m!ladrillo[0m
2025-01-20 21:27:55,905 - INFO - helpers_stats.py - Estadísticas actualizadas: ladrillos | channel: 1
2025-01-20 21:27:56,007 - INFO - helpers_stats.py - Estadísticas actualizadas: xp_Resistencia | rebeccas_llamalovermeow: 0.15
2025-01-20 21:27:57,270 - INFO - helpers_bot.py - [1;33mfrankraitv[0m:[94msu[0m
2025-01-20 21:28:00,139 - INFO - helpers_bot.py - [1;33mxenogamegd1[0m:[94m!ladrillo[0m
2025-01-20 21:28:00,256 - INFO - helpers_stats.py - Estadísticas actualizadas: ladrillos | channel: 1
2025-01-20 21:28:00,355 - INFO - helpers_stats.py - Estadísticas actualizadas: xp_Resistencia | xenogamegd1: 0.15
2025-01-20 21:28:08,693 - INFO - helpers_bot.py - [1;33mimportar_[0m:[94mkoala[0m
2025-01-20 21:28:20,694 - INFO - helpers_bot.py - [1;33mrebeccas_llamalovermeow[0m:[94mtio[0m
2025-01-20 21:28:29,805 - INFO - helpers_bot.py - [1;33mxenogamegd1[0m:[94mcuantos[0m
2025-01-20 21:28:47,196 - INFO - helpers_bot.py - [1;33mxenogamegd1[0m:[94m!mensajes[0m
2025-01-20 21:28:49,556 - INFO - helpers_bot.py - [1;35mimportar_ se ha unido[0m
2025-01-20 21:28:52,034 - INFO - helpers_bot.py - [1;33mrebeccas_llamalovermeow[0m:[94m!mensajes[0m
2025-01-20 21:28:57,486 - INFO - helpers_bot.py - [1;33mmarlightwi[0m:[94m!mensajes[0m
2025-01-20 21:28:57,693 - INFO - helpers_bot.py - [1;33mrebeccas_llamalovermeow[0m:[94mjajsjsjjs[0m
2025-01-20 21:28:59,926 - INFO - helpers_bot.py - [1;33mdani_14k[0m:[94mwordle???????[0m
2025-01-20 21:29:03,437 - INFO - helpers_bot.py - [1;33mrebeccas_llamalovermeow[0m:[94mmiaw[0m
2025-01-20 21:29:13,987 - INFO - helpers_bot.py - [1;33mdani_14k[0m:[94m!mensajes[0m
2025-01-20 21:29:15,978 - INFO - helpers_bot.py - [1;33mimportar_[0m:[94mpedir[0m
2025-01-20 21:29:22,062 - INFO - helpers_bot.py - [1;33mlacrimotaku[0m:[94mhay[0m
2025-01-20 21:29:36,822 - INFO - helpers_bot.py - [1;33mmarlightwi[0m:[94mlo[0m
2025-01-20 21:29:53,778 - INFO - helpers_bot.py - [1;33mdani_14k[0m:[94m@lacrimotaku[0m
2025-01-20 21:29:53,993 - INFO - helpers_bot.py - [1;33mrebeccas_llamalovermeow[0m:[94mtemazo[0m
2025-01-20 21:29:56,355 - INFO - helpers_bot.py - [1;33mdani_14k[0m:[94mxd[0m
2025-01-20 21:30:25,291 - INFO - helpers_bot.py - [1;33mmarlightwi[0m:[94mcomo[0m
2025-01-20 21:30:32,291 - INFO - helpers_bot.py - [1;33mlacrimotaku[0m:[94mme[0m
2025-01-20 21:30:38,209 - INFO - helpers_bot.py - [1;33mmarlightwi[0m:[94mwtffff[0m
2025-01-20 21:30:50,785 - INFO - helpers_bot.py - [1;33mdani_14k[0m:[94m@lacrimotaku[0m
2025-01-20 21:30:54,466 - INFO - helpers_bot.py - [1;33mdani_14k[0m:[94mjajajajajajaja[0m
2025-01-20 21:30:55,836 - INFO - helpers_bot.py - [1;33mlacrimotaku[0m:[94mhahaha[0m
2025-01-20 21:31:01,042 - INFO - helpers_bot.py - [1;33mlacrimotaku[0m:[94maaaaaa[0m
2025-01-20 21:31:03,644 - INFO - helpers_bot.py - [1;33mmarlightwi[0m:[94ma[0m
2025-01-20 21:31:31,958 - INFO - helpers_bot.py - [1;33mimportar_[0m:[94mme[0m
2025-01-20 21:31:32,570 - INFO - helpers_bot.py - [1;33mlacrimotaku[0m:[94mfortnite?[0m
2025-01-20 21:31:40,200 - INFO - helpers_bot.py - [1;33mlacrimotaku[0m:[94mme[0m
2025-01-20 21:31:59,239 - INFO - helpers_bot.py - [1;33mimportar_[0m:[94myo[0m
2025-01-20 21:31:59,987 - INFO - helpers_bot.py - [1;35mgretzelpc se ha unido[0m
2025-01-20 21:32:06,975 - INFO - helpers_bot.py - [1;33mimportar_[0m:[94mpero[0m
2025-01-20 21:32:19,795 - INFO - helpers_bot.py - [1;33mdani_14k[0m:[94mhaci[0m
2025-01-20 21:32:34,787 - INFO - helpers_bot.py - [1;33mmarlightwi[0m:[94manunciooo[0m
2025-01-20 21:32:38,247 - INFO - helpers_bot.py - [1;33mgretzelpc[0m:[94molaaaaaaaaaaa[0m
2025-01-20 21:32:44,538 - INFO - helpers_bot.py - [1;33mdani_14k[0m:[94m@gretzelpc[0m
2025-01-20 21:32:53,434 - INFO - helpers_bot.py - [1;33mmariilyn2_[0m:[94m@gretzelpc[0m
2025-01-20 21:33:09,697 - INFO - helpers_bot.py - [1;33mmarlightwi[0m:[94mte[0m
2025-01-20 21:33:23,792 - INFO - helpers_bot.py - [1;33mgretzelpc[0m:[94mque[0m
2025-01-20 21:33:28,742 - INFO - helpers_bot.py - [1;33mxenogamegd1[0m:[94maña[0m
2025-01-20 21:33:35,037 - INFO - helpers_bot.py - [1;33mjohanleosallegal[0m:[94mgg[0m
2025-01-20 21:33:39,831 - INFO - helpers_bot.py - [1;33mgretzelpc[0m:[94mhola[0m
2025-01-20 21:33:41,792 - INFO - helpers_bot.py - [1;33mimportar_[0m:[94mel[0m
2025-01-20 21:33:47,946 - INFO - helpers_bot.py - [1;33mxenogamegd1[0m:[94m<mensaje[0m
2025-01-20 21:33:58,949 - INFO - helpers_bot.py - [1;33mdani_14k[0m:[94m!ban?[0m
2025-01-20 21:33:59,642 - INFO - helpers_bot.py - [1;33mxenogamegd1[0m:[94m<mensaje[0m
2025-01-20 21:34:06,244 - INFO - helpers_bot.py - [1;35mjohanleosallegal se ha unido[0m
2025-01-20 21:34:10,124 - INFO - helpers_bot.py - [1;33mgretzelpc[0m:[94m!ladrillo[0m
2025-01-20 21:34:10,227 - INFO - helpers_stats.py - Estadísticas actualizadas: ladrillos | channel: 1
2025-01-20 21:34:10,312 - INFO - helpers_stats.py - Estadísticas actualizadas: xp_Resistencia | gretzelpc: 0.15
2025-01-20 21:34:12,135 - INFO - helpers_bot.py - [1;33mmarlightwi[0m:[94mespérate[0m
2025-01-20 21:34:15,820 - INFO - helpers_bot.py - [1;33mdani_14k[0m:[94mesta[0m
2025-01-20 21:34:22,847 - INFO - helpers_bot.py - [1;33mxenogamegd1[0m:[94m<mensaje[0m
2025-01-20 21:34:25,757 - INFO - helpers_bot.py - [1;33mxenogamegd1[0m:[94mdea[0m
2025-01-20 21:34:36,323 - INFO - helpers_bot.py - [1;33mimportar_[0m:[94mdiablo[0m
2025-01-20 21:34:43,853 - INFO - helpers_bot.py - [1;33mjohanleosallegal[0m:[94maquí[0m
2025-01-20 21:34:50,148 - INFO - helpers_bot.py - [1;33mmarlightwi[0m:[94mespérame[0m
2025-01-20 21:34:54,622 - INFO - helpers_bot.py - [1;33mxenogamegd1[0m:[94mte[0m
2025-01-20 21:34:55,899 - INFO - helpers_bot.py - [1;33mdani_14k[0m:[94m@johanleosallegal[0m
2025-01-20 21:35:28,870 - INFO - helpers_bot.py - [1;33mimportar_[0m:[94mfalta[0m
2025-01-20 21:35:36,868 - INFO - helpers_bot.py - [1;33mdani_14k[0m:[94m!ban?[0m
2025-01-20 21:35:40,575 - INFO - helpers_bot.py - [1;33mlacrimotaku[0m:[94mahora[0m
2025-01-20 21:35:58,665 - INFO - helpers_bot.py - [1;33mxenogamegd1[0m:[94mme[0m
2025-01-20 21:36:05,939 - INFO - helpers_bot.py - [1;33mgretzelpc[0m:[94m!ladrillo[0m
2025-01-20 21:36:06,060 - INFO - helpers_stats.py - Estadísticas actualizadas: ladrillos | channel: 1
2025-01-20 21:36:06,169 - INFO - helpers_stats.py - Estadísticas actualizadas: xp_Resistencia | gretzelpc: 0.15
2025-01-20 21:36:21,621 - INFO - helpers_bot.py - [1;33mdani_14k[0m:[94moye[0m
2025-01-20 21:36:23,489 - INFO - helpers_bot.py - [1;33mlacrimotaku[0m:[94muna[0m
2025-01-20 21:36:27,316 - INFO - helpers_bot.py - [1;33mxenogamegd1[0m:[94m<mensaje[0m
2025-01-20 21:36:45,933 - INFO - helpers_bot.py - [1;33mgretzelpc[0m:[94mjajaja[0m
2025-01-20 21:36:47,635 - INFO - helpers_bot.py - [1;33mimportar_[0m:[94mya[0m
2025-01-20 21:36:53,739 - INFO - helpers_bot.py - [1;33mrebeccas_llamalovermeow[0m:[94mtio[0m
2025-01-20 21:37:06,378 - INFO - helpers_bot.py - [1;33mxenogamegd1[0m:[94m@gretzelpc[0m
2025-01-20 21:37:06,576 - INFO - helpers_bot.py - [1;33mdani_14k[0m:[94m!ban?[0m
2025-01-20 21:37:15,505 - INFO - helpers_bot.py - [1;33mrebeccas_llamalovermeow[0m:[94mque[0m
2025-01-20 21:37:27,543 - INFO - helpers_bot.py - [1;33mdani_14k[0m:[94m!sr[0m
2025-01-20 21:37:27,544 - INFO - general.py - dani_14kUso SR
2025-01-20 21:37:28,121 - INFO - helpers_bot.py - [1;33mnightbot[0m:[94m@dani_14k[0m
2025-01-20 21:37:29,387 - INFO - helpers_bot.py - [1;33mimportar_[0m:[94mcon[0m
2025-01-20 21:37:35,447 - INFO - helpers_bot.py - [1;33mgretzelpc[0m:[94m@xenogamegd1[0m
2025-01-20 21:37:36,689 - INFO - helpers_bot.py - [1;33mdani_14k[0m:[94m!sr[0m
2025-01-20 21:37:36,691 - INFO - general.py - dani_14kUso SR
2025-01-20 21:37:37,302 - INFO - helpers_bot.py - [1;33mnightbot[0m:[94m@dani_14k[0m
2025-01-20 21:37:54,118 - INFO - helpers_bot.py - [1;33mgretzelpc[0m:[94m!sr[0m
2025-01-20 21:37:54,119 - INFO - general.py - gretzelpcUso SR
2025-01-20 21:37:54,848 - INFO - helpers_bot.py - [1;33mnightbot[0m:[94m@gretzelpc[0m
2025-01-20 21:37:59,820 - INFO - helpers_bot.py - [1;33mdani_14k[0m:[94m!sr[0m
2025-01-20 21:37:59,821 - INFO - general.py - dani_14kUso SR
2025-01-20 21:38:00,416 - INFO - helpers_bot.py - [1;33mnightbot[0m:[94m@dani_14k[0m
2025-01-20 21:38:12,853 - INFO - helpers_bot.py - [1;33mxenogamegd1[0m:[94meliminen[0m
2025-01-20 21:38:14,407 - INFO - helpers_bot.py - [1;33mjohanleosallegal[0m:[94mjajkajakaakanna[0m
2025-01-20 21:38:36,890 - INFO - helpers_bot.py - [1;33mimportar_[0m:[94mno[0m
2025-01-20 21:38:51,043 - INFO - helpers_bot.py - [1;33mdani_14k[0m:[94m!sr[0m
2025-01-20 21:38:51,045 - INFO - general.py - dani_14kUso SR
2025-01-20 21:38:51,436 - INFO - helpers_bot.py - [1;33mnightbot[0m:[94m@dani_14k[0m
2025-01-20 21:38:55,173 - INFO - helpers_bot.py - [1;33mrebeccas_llamalovermeow[0m:[94moh[0m
2025-01-20 21:39:11,814 - INFO - helpers_bot.py - [1;33mdani_14k[0m:[94mjajajajajajaj[0m
2025-01-20 21:39:22,691 - INFO - helpers_bot.py - [1;33mlacrimotaku[0m:[94mya[0m
2025-01-20 21:39:26,735 - INFO - helpers_bot.py - [1;33mxenogamegd1[0m:[94mme[0m
2025-01-20 21:39:37,962 - INFO - helpers_bot.py - [1;33mdani_14k[0m:[94mjijijiijjiijijijijij[0m
2025-01-20 21:39:48,111 - INFO - helpers_bot.py - [1;33mdani_14k[0m:[94mbuen[0m
2025-01-20 21:40:06,053 - INFO - helpers_bot.py - [1;33mxenogamegd1[0m:[94m<mensaje[0m
2025-01-20 21:40:09,439 - INFO - helpers_bot.py - [1;33mimportar_[0m:[94my[0m
2025-01-20 21:40:28,596 - INFO - helpers_bot.py - [1;33mdani_14k[0m:[94mloslorcheemseastwood[0m
2025-01-20 21:40:33,162 - INFO - helpers_bot.py - [1;33mdani_14k[0m:[94m!ban?[0m
2025-01-20 21:40:37,589 - INFO - helpers_bot.py - [1;33mimportar_[0m:[94mel[0m
2025-01-20 21:40:43,049 - INFO - helpers_bot.py - [1;33mlacrimotaku[0m:[94m????????????[0m
2025-01-20 21:40:47,279 - INFO - helpers_bot.py - [1;33mdani_14k[0m:[94mel[0m
2025-01-20 21:41:05,174 - INFO - helpers_bot.py - [1;33mdani_14k[0m:[94mnooooooooooooooooooooooooooo[0m
2025-01-20 21:41:05,940 - INFO - helpers_bot.py - [1;33mimportar_[0m:[94mpasale[0m
2025-01-20 21:41:14,204 - INFO - helpers_bot.py - [1;33mxenogamegd1[0m:[94mque[0m
2025-01-20 21:41:30,529 - INFO - helpers_bot.py - [1;33mdani_14k[0m:[94m!ban?[0m
2025-01-20 21:41:43,957 - INFO - helpers_bot.py - [1;33mxenogamegd1[0m:[94m!mensajes[0m
2025-01-20 21:42:04,389 - INFO - helpers_bot.py - [1;33mdani_14k[0m:[94mque[0m
2025-01-20 21:42:15,857 - INFO - helpers_bot.py - [1;33mimportar_[0m:[94myo[0m
2025-01-20 21:42:17,232 - INFO - helpers_bot.py - [1;33mimportar_[0m:[94mse[0m
2025-01-20 21:42:17,524 - INFO - helpers_bot.py - [1;33mxenogamegd1[0m:[94ma[0m
2025-01-20 21:42:19,539 - INFO - helpers_bot.py - [1;33mimportar_[0m:[94mfarmear[0m
2025-01-20 21:42:21,049 - INFO - helpers_bot.py - [1;33mimportar_[0m:[94mmas[0m
2025-01-20 21:42:22,167 - INFO - helpers_bot.py - [1;33mlacrimotaku[0m:[94mechale[0m
2025-01-20 21:42:22,597 - INFO - helpers_bot.py - [1;33mimportar_[0m:[94mque[0m
2025-01-20 21:42:25,039 - INFO - helpers_bot.py - [1;33mimportar_[0m:[94mxeno[0m
2025-01-20 21:42:31,708 - INFO - helpers_bot.py - [1;33mxenogamegd1[0m:[94mkoala[0m
2025-01-20 21:42:42,845 - INFO - helpers_bot.py - [1;33mother_cat456[0m:[94mwhat's[0m
2025-01-20 21:42:59,556 - INFO - helpers_bot.py - [1;33mdani_14k[0m:[94m@other_cat456[0m
2025-01-20 21:43:05,987 - INFO - helpers_bot.py - [1;33mother_cat456[0m:[94motro[0m
2025-01-20 21:43:09,118 - INFO - helpers_bot.py - [1;33mlacrimotaku[0m:[94mc[0m
2025-01-20 21:43:13,981 - INFO - helpers_bot.py - [1;33mimportar_[0m:[94mmiau[0m
2025-01-20 21:43:14,701 - INFO - helpers_bot.py - [1;33mlacrimotaku[0m:[94mother[0m
2025-01-20 21:43:18,226 - INFO - helpers_bot.py - [1;33mlacrimotaku[0m:[94mthat[0m
2025-01-20 21:43:19,323 - INFO - helpers_bot.py - [1;33mxenogamegd1[0m:[94mspanish[0m
2025-01-20 21:43:29,720 - INFO - helpers_bot.py - [1;33mdani_14k[0m:[94m@other_cat456[0m
2025-01-20 21:43:33,996 - INFO - helpers_bot.py - [1;33mdani_14k[0m:[94mxd[0m
2025-01-20 21:43:55,327 - INFO - helpers_bot.py - [1;35maxolotita_kekas_con_queso se ha unido[0m
2025-01-20 21:44:44,734 - INFO - helpers_bot.py - [1;33mimportar_[0m:[94mchavo[0m
2025-01-20 21:44:53,635 - INFO - helpers_bot.py - [1;33mxenogamegd1[0m:[94mmecago[0m
2025-01-20 21:44:58,600 - INFO - helpers_bot.py - [1;35mother_cat456 se ha unido[0m
2025-01-20 21:45:03,409 - INFO - helpers_bot.py - [1;33mimportar_[0m:[94mmucha[0m
2025-01-20 21:45:05,172 - INFO - helpers_bot.py - [1;33mlacrimotaku[0m:[94mno[0m
2025-01-20 21:45:12,384 - INFO - helpers_bot.py - [1;33mother_cat456[0m:[94m@dani_14k[0m
2025-01-20 21:45:25,859 - INFO - helpers_bot.py - [1;33mlacrimotaku[0m:[94mno[0m
2025-01-20 21:45:27,713 - INFO - helpers_bot.py - [1;33mlacrimotaku[0m:[94mhahaha[0m
2025-01-20 21:45:42,871 - INFO - helpers_bot.py - [1;33mdani_14k[0m:[94mno[0m
2025-01-20 21:45:58,485 - INFO - helpers_bot.py - [1;33mxenogamegd1[0m:[94msolo[0m
2025-01-20 21:46:01,150 - INFO - helpers_bot.py - [1;33mdani_14k[0m:[94mban[0m
2025-01-20 21:46:12,264 - INFO - helpers_bot.py - [1;33mdani_14k[0m:[94mtramposo[0m
2025-01-20 21:46:18,057 - INFO - helpers_bot.py - [1;33mimportar_[0m:[94mcasi[0m
2025-01-20 21:46:21,578 - INFO - helpers_bot.py - [1;33mxenogamegd1[0m:[94mjajja[0m
2025-01-20 21:46:21,759 - INFO - helpers_bot.py - [1;33mlacrimotaku[0m:[94msoy[0m
2025-01-20 21:46:33,352 - INFO - helpers_bot.py - [1;33mdani_14k[0m:[94ma[0m
2025-01-20 21:46:37,059 - INFO - helpers_bot.py - [1;33mdani_14k[0m:[94m!ban?[0m
2025-01-20 21:46:40,769 - INFO - helpers_bot.py - [1;33mdani_14k[0m:[94m!ban?[0m
2025-01-20 21:47:10,676 - INFO - helpers_bot.py - [1;33mdani_14k[0m:[94mse[0m
2025-01-20 21:47:10,850 - INFO - helpers_bot.py - [1;33mxenogamegd1[0m:[94mde[0m
2025-01-20 21:47:16,583 - INFO - helpers_bot.py - [1;33mlacrimotaku[0m:[94msolo[0m
2025-01-20 21:47:26,985 - INFO - helpers_bot.py - [1;33mimportar_[0m:[94m600[0m
2025-01-20 21:47:39,148 - INFO - helpers_bot.py - [1;33mxenogamegd1[0m:[94mbolca[0m
2025-01-20 21:47:39,892 - INFO - helpers_bot.py - [1;33mlacrimotaku[0m:[94mostra[0m
2025-01-20 21:47:45,624 - INFO - helpers_bot.py - [1;33mlacrimotaku[0m:[94mah[0m
2025-01-20 21:47:48,600 - INFO - helpers_bot.py - [1;33mimportar_[0m:[94m@lacrimotaku[0m
2025-01-20 21:47:49,160 - INFO - helpers_bot.py - [1;33mxenogamegd1[0m:[94mano[0m
2025-01-20 21:48:14,215 - INFO - helpers_bot.py - [1;33mxenogamegd1[0m:[94mbolos[0m
2025-01-20 21:48:19,656 - INFO - helpers_bot.py - [1;33mimportar_[0m:[94mno[0m
2025-01-20 21:48:42,777 - INFO - helpers_bot.py - [1;33mxenogamegd1[0m:[94mcoche[0m
2025-01-20 21:48:43,820 - INFO - helpers_bot.py - [1;33mdani_14k[0m:[94mmorir[0m
2025-01-20 21:48:53,713 - INFO - helpers_bot.py - [1;33mmarlightwi[0m:[94mhola[0m
2025-01-20 21:49:10,347 - INFO - helpers_bot.py - [1;33mxenogamegd1[0m:[94mcoche[0m
2025-01-20 21:49:38,413 - INFO - helpers_bot.py - [1;33mimportar_[0m:[94mmejor[0m
2025-01-20 21:49:42,002 - INFO - helpers_bot.py - [1;33mxenogamegd1[0m:[94mhay[0m
2025-01-20 21:49:58,641 - INFO - helpers_bot.py - [1;33mmarlightwi[0m:[94mno[0m
2025-01-20 21:50:01,239 - INFO - helpers_bot.py - [1;33mimportar_[0m:[94mtienen[0m
2025-01-20 21:50:10,608 - INFO - helpers_bot.py - [1;33mlacrimotaku[0m:[94mcoito[0m
2025-01-20 21:50:18,086 - INFO - helpers_bot.py - [1;33mimportar_[0m:[94mcoito[0m
2025-01-20 21:50:40,272 - INFO - helpers_bot.py - [1;33mxenogamegd1[0m:[94mcochi[0m
2025-01-20 21:51:01,530 - INFO - helpers_bot.py - [1;33mlacrimotaku[0m:[94mla[0m
2025-01-20 21:51:05,193 - INFO - helpers_bot.py - [1;33mlacrimotaku[0m:[94myo[0m
2025-01-20 21:51:13,006 - INFO - helpers_bot.py - [1;35mmarlightwi se ha unido[0m
2025-01-20 21:51:28,159 - INFO - helpers_bot.py - [1;33mlacrimotaku[0m:[94mme[0m
2025-01-20 21:51:40,141 - INFO - helpers_bot.py - [1;33mimportar_[0m:[94mcompo[0m
2025-01-20 21:51:59,866 - INFO - helpers_bot.py - [1;33mimportar_[0m:[94mllo[0m
2025-01-20 21:52:09,432 - INFO - helpers_bot.py - [1;33mmarlightwi[0m:[94mcosco?[0m
2025-01-20 21:52:28,864 - INFO - helpers_bot.py - [1;33mlacrimotaku[0m:[94mcolor[0m
2025-01-20 21:52:34,670 - INFO - helpers_bot.py - [1;33mimportar_[0m:[94mnegro[0m
2025-01-20 21:53:22,907 - INFO - helpers_bot.py - [1;33mimportar_[0m:[94mn[0m
2025-01-20 21:53:28,994 - INFO - helpers_bot.py - [1;33mdani_14k[0m:[94mcómic[0m
2025-01-20 21:53:30,597 - INFO - helpers_bot.py - [1;33mlacrimotaku[0m:[94mcorto[0m
2025-01-20 21:53:44,938 - INFO - helpers_bot.py - [1;33mxenogamegd1[0m:[94mese[0m
2025-01-20 21:53:54,898 - INFO - helpers_bot.py - [1;33mlacrimotaku[0m:[94mno[0m
2025-01-20 21:53:55,601 - INFO - helpers_bot.py - [1;33mdani_14k[0m:[94msabaping[0m
2025-01-20 21:53:58,886 - INFO - helpers_bot.py - [1;33mlacrimotaku[0m:[94mhablame[0m
2025-01-20 21:54:03,006 - INFO - helpers_bot.py - [1;33mimportar_[0m:[94ma[0m
2025-01-20 21:54:13,626 - INFO - helpers_bot.py - [1;33mlacrimotaku[0m:[94mmameeees[0m
2025-01-20 21:54:20,434 - INFO - helpers_bot.py - [1;33mimportar_[0m:[94mez[0m
2025-01-20 21:54:21,155 - INFO - helpers_bot.py - [1;33mxenogamegd1[0m:[94mgg[0m
2025-01-20 21:54:27,237 - INFO - helpers_bot.py - [1;33mdanndato[0m:[94m!wordlewin[0m
2025-01-20 21:54:27,315 - INFO - helpers_stats.py - Estadísticas actualizadas: wordle_wins | dani_14k: 1
2025-01-20 21:54:27,424 - INFO - helpers_stats.py - Estadísticas actualizadas: xp_Habilidad | dani_14k: 3
2025-01-20 21:54:38,256 - INFO - helpers_bot.py - [1;33mdani_14k[0m:[94mlos[0m
2025-01-20 21:54:50,329 - INFO - helpers_bot.py - [1;33mimportar_[0m:[94my[0m
2025-01-20 21:54:58,355 - INFO - helpers_bot.py - [1;33mdani_14k[0m:[94mchale[0m
2025-01-20 21:55:09,179 - INFO - helpers_bot.py - [1;33mdani_14k[0m:[94myo[0m
2025-01-20 21:55:21,978 - INFO - helpers_bot.py - [1;33mxenogamegd1[0m:[94my[0m
2025-01-20 21:55:26,014 - INFO - helpers_bot.py - [1;33mlacrimotaku[0m:[94mvale[0m
2025-01-20 21:55:35,998 - INFO - helpers_bot.py - [1;33mimportar_[0m:[94mkoala[0m
2025-01-20 21:55:48,658 - INFO - helpers_bot.py - [1;33mdani_14k[0m:[94mya[0m
2025-01-20 21:55:53,148 - INFO - helpers_bot.py - [1;33mlacrimotaku[0m:[94mah[0m
2025-01-20 21:56:15,957 - INFO - helpers_bot.py - [1;33mlacrimotaku[0m:[94mpapi[0m
2025-01-20 21:56:16,356 - INFO - helpers_bot.py - [1;33mmarlightwi[0m:[94miumillada[0m
2025-01-20 21:56:19,508 - INFO - helpers_bot.py - [1;33mdani_14k[0m:[94mte[0m
2025-01-20 21:56:22,231 - INFO - helpers_bot.py - [1;35mlauunieves se ha unido[0m
2025-01-20 21:56:22,968 - INFO - helpers_bot.py - [1;33mlacrimotaku[0m:[94mya[0m
2025-01-20 21:56:44,315 - INFO - helpers_bot.py - [1;33mlacrimotaku[0m:[94mmiku[0m
2025-01-20 21:57:00,109 - INFO - helpers_bot.py - [1;33mimportar_[0m:[94mel[0m
2025-01-20 21:57:08,297 - INFO - helpers_bot.py - [1;33mlauunieves[0m:[94mey[0m
2025-01-20 21:57:09,967 - INFO - helpers_bot.py - [1;33mdani_14k[0m:[94mme[0m
2025-01-20 21:57:11,964 - INFO - helpers_bot.py - [1;33mxenogamegd1[0m:[94mel[0m
2025-01-20 21:57:33,639 - INFO - helpers_bot.py - [1;33mmarlightwi[0m:[94mokei[0m
2025-01-20 21:57:52,447 - INFO - helpers_bot.py - [1;33mdani_14k[0m:[94mcarlos[0m
2025-01-20 21:58:08,558 - INFO - helpers_bot.py - [1;33mimportar_[0m:[94mno[0m
2025-01-20 21:58:10,364 - INFO - helpers_bot.py - [1;33mlacrimotaku[0m:[94mmiku[0m
2025-01-20 21:58:17,703 - INFO - helpers_bot.py - [1;33mmarlightwi[0m:[94mmaldito[0m
2025-01-20 21:58:49,614 - INFO - helpers_bot.py - [1;33mmarlightwi[0m:[94mdicen[0m
2025-01-20 21:59:05,443 - INFO - helpers_bot.py - [1;33mimportar_[0m:[94mse[0m
2025-01-20 21:59:38,994 - INFO - helpers_bot.py - [1;33mlacrimotaku[0m:[94mavientate[0m
2025-01-20 21:59:51,408 - INFO - helpers_bot.py - [1;33mimportar_[0m:[94mno[0m
2025-01-20 21:59:57,931 - INFO - helpers_bot.py - [1;33mmarlightwi[0m:[94mya[0m
2025-01-20 22:00:11,202 - INFO - helpers_bot.py - [1;33mmarlightwi[0m:[94mi[0m
2025-01-20 22:00:31,466 - INFO - helpers_bot.py - [1;33mlacrimotaku[0m:[94mdate[0m
2025-01-20 22:00:34,990 - INFO - helpers_bot.py - [1;33mimportar_[0m:[94menchina[0m
2025-01-20 22:00:48,847 - INFO - helpers_bot.py - [1;33mmarlightwi[0m:[94mfue[0m
2025-01-20 22:00:56,384 - INFO - helpers_bot.py - [1;33mnightbot[0m:[94msi[0m
2025-01-20 22:01:24,742 - INFO - helpers_bot.py - [1;33mmarlightwi[0m:[94mhay[0m
2025-01-20 22:01:42,180 - INFO - helpers_bot.py - [1;33mlauunieves[0m:[94mósea[0m
2025-01-20 22:01:46,483 - INFO - helpers_bot.py - [1;33mimportar_[0m:[94mprobando[0m
2025-01-20 22:01:52,214 - INFO - helpers_bot.py - [1;33mlacrimotaku[0m:[94mbuscate[0m
2025-01-20 22:02:18,415 - INFO - helpers_bot.py - [1;33mdani_14k[0m:[94mjajajajajaa[0m
2025-01-20 22:03:15,409 - INFO - helpers_bot.py - [1;33mmarlightwi[0m:[94men[0m
2025-01-20 22:03:39,639 - INFO - helpers_bot.py - [1;35mdani_14k se ha unido[0m
2025-01-20 22:03:42,620 - INFO - helpers_bot.py - [1;33mimportar_[0m:[94mamd[0m
2025-01-20 22:04:03,975 - INFO - helpers_bot.py - [1;33mimportar_[0m:[94mxd[0m
2025-01-20 22:04:14,836 - INFO - helpers_bot.py - [1;33mlacrimotaku[0m:[94mcomo[0m
2025-01-20 22:05:06,365 - INFO - helpers_bot.py - [1;33mimportar_[0m:[94mahora[0m
2025-01-20 22:05:32,976 - INFO - helpers_bot.py - [1;33mlacrimotaku[0m:[94molvide[0m
2025-01-20 22:06:05,463 - INFO - helpers_bot.py - [1;33mimportar_[0m:[94m!pc[0m
2025-01-20 22:06:09,322 - INFO - helpers_bot.py - [1;33mimportar_[0m:[94mxd[0m
2025-01-20 22:06:51,769 - INFO - helpers_bot.py - [1;33mimportar_[0m:[94mahora[0m
2025-01-20 22:07:22,274 - INFO - helpers_bot.py - [1;33mimportar_[0m:[94mdiablo[0m
2025-01-20 22:07:51,625 - INFO - helpers_bot.py - [1;33mimportar_[0m:[94m!voz[0m
2025-01-20 22:07:56,517 - INFO - helpers_bot.py - [1;33mimportar_[0m:[94may[0m
2025-01-20 22:08:26,241 - INFO - helpers_bot.py - [1;33mlacrimotaku[0m:[94mdisparale[0m
2025-01-20 22:08:49,898 - INFO - helpers_bot.py - [1;33mlacrimotaku[0m:[94maguas[0m
2025-01-20 22:09:21,910 - INFO - helpers_bot.py - [1;33mmarlightwi[0m:[94mvi[0m
2025-01-20 22:09:46,655 - INFO - helpers_bot.py - [1;33mmarlightwi[0m:[94mw[0m
2025-01-20 22:10:15,109 - INFO - helpers_bot.py - [1;33mimportar_[0m:[94mtiene[0m
2025-01-20 22:10:27,005 - INFO - helpers_bot.py - [1;33mmarlightwi[0m:[94mel[0m
2025-01-20 22:10:59,876 - INFO - helpers_bot.py - [1;33mmarlightwi[0m:[94mpinche[0m
2025-01-20 22:11:07,637 - INFO - helpers_bot.py - [1;33mmarlightwi[0m:[94mte[0m
2025-01-20 22:11:13,042 - INFO - helpers_bot.py - [1;33mimportar_[0m:[94macá[0m
2025-01-20 22:11:50,472 - INFO - helpers_bot.py - [1;33mmarlightwi[0m:[94mahora[0m
2025-01-20 22:12:23,087 - INFO - helpers_bot.py - [1;33mlauunieves[0m:[94malmohadilla[0m
2025-01-20 22:12:50,832 - INFO - helpers_bot.py - [1;33mimportar_[0m:[94ma[0m
2025-01-20 22:13:24,339 - INFO - helpers_bot.py - [1;33mlauunieves[0m:[94mya[0m
2025-01-20 22:14:00,443 - INFO - helpers_bot.py - [1;33mimportar_[0m:[94m@lauunieves[0m
2025-01-20 22:14:49,880 - INFO - helpers_bot.py - [1;33mlauunieves[0m:[94mde[0m
2025-01-20 22:15:18,349 - INFO - helpers_bot.py - [1;33mlacrimotaku[0m:[94ma[0m
2025-01-20 22:15:31,048 - INFO - helpers_bot.py - [1;33mimportar_[0m:[94mpelea[0m
2025-01-20 22:15:49,899 - INFO - helpers_bot.py - [1;33mimportar_[0m:[94mkoala[0m
2025-01-20 22:15:53,727 - INFO - helpers_bot.py - [1;33mmarlightwi[0m:[94mnieves[0m
2025-01-20 22:16:06,025 - INFO - helpers_bot.py - [1;33mlauunieves[0m:[94mcállate[0m
2025-01-20 22:16:18,341 - INFO - helpers_bot.py - [1;33mimportar_[0m:[94mjaja[0m
2025-01-20 22:16:28,905 - INFO - helpers_bot.py - [1;33mlacrimotaku[0m:[94msi[0m
2025-01-20 22:16:29,103 - INFO - helpers_bot.py - [1;33mlauunieves[0m:[94mgracias[0m
2025-01-20 22:16:40,343 - INFO - helpers_bot.py - [1;33mimportar_[0m:[94mkoala[0m
2025-01-20 22:16:46,993 - INFO - helpers_bot.py - [1;33mlauunieves[0m:[94m@marlightwi[0m
2025-01-20 22:17:22,352 - INFO - helpers_bot.py - [1;33mlauunieves[0m:[94m@lacrimotaku[0m
2025-01-20 22:17:29,820 - INFO - helpers_bot.py - [1;33mimportar_[0m:[94mdato[0m
2025-01-20 22:17:38,587 - INFO - helpers_bot.py - [1;33mimportar_[0m:[94mahr[0m
2025-01-20 22:17:59,770 - INFO - helpers_bot.py - [1;33mmarlightwi[0m:[94m@lauunieves[0m
2025-01-20 22:18:29,023 - INFO - helpers_bot.py - [1;33mimportar_[0m:[94mla[0m
2025-01-20 22:18:55,032 - INFO - helpers_bot.py - [1;33mlacrimotaku[0m:[94mal[0m
2025-01-20 22:19:22,271 - INFO - helpers_bot.py - [1;33mmarlightwi[0m:[94mgodzilla[0m
2025-01-20 22:19:26,405 - INFO - helpers_bot.py - [1;33mimportar_[0m:[94mquién[0m
2025-01-20 22:19:31,024 - INFO - helpers_bot.py - [1;33mlauunieves[0m:[94msi[0m
2025-01-20 22:20:06,479 - INFO - helpers_bot.py - [1;33mlauunieves[0m:[94mna,[0m
2025-01-20 22:20:17,080 - INFO - helpers_bot.py - [1;33mlauunieves[0m:[94mey[0m
2025-01-20 22:20:28,896 - INFO - helpers_bot.py - [1;33mimportar_[0m:[94msigue[0m
2025-01-20 22:21:08,842 - INFO - helpers_bot.py - [1;33mimportar_[0m:[94mestá[0m
2025-01-20 22:21:34,678 - INFO - helpers_bot.py - [1;33mlacrimotaku[0m:[94mun[0m
2025-01-20 22:21:35,440 - INFO - helpers_bot.py - [1;35mlauunieves se ha unido[0m
2025-01-20 22:21:35,561 - INFO - helpers_bot.py - [1;35mdonfollador3mil se ha unido[0m
2025-01-20 22:21:59,126 - INFO - helpers_bot.py - [1;33mlacrimotaku[0m:[94mnos[0m
2025-01-20 22:22:01,898 - INFO - helpers_bot.py - [1;33mdonfollador3mil[0m:[94mrico[0m
2025-01-20 22:22:20,651 - INFO - helpers_bot.py - [1;33mimportar_[0m:[94mdiablos[0m
2025-01-20 22:22:31,423 - INFO - helpers_bot.py - [1;33mlacrimotaku[0m:[94mme[0m
2025-01-20 22:22:44,262 - INFO - helpers_bot.py - [1;33mjohanleosallegal[0m:[94mjajajaja[0m
2025-01-20 22:22:44,469 - INFO - helpers_bot.py - [1;33mlacrimotaku[0m:[94miniciando[0m
2025-01-20 22:22:52,547 - INFO - helpers_bot.py - [1;33mjohanleosallegal[0m:[94mufff[0m
2025-01-20 22:22:54,690 - INFO - helpers_bot.py - [1;33mjohanleosallegal[0m:[94mgg[0m
2025-01-20 22:23:09,444 - INFO - helpers_bot.py - [1;33mimportar_[0m:[94men[0m
2025-01-20 22:23:12,046 - INFO - helpers_bot.py - [1;33mlacrimotaku[0m:[94msoy[0m
2025-01-20 22:23:40,228 - INFO - helpers_bot.py - [1;33mjohanleosallegal[0m:[94mva[0m
2025-01-20 22:23:43,097 - INFO - helpers_bot.py - [1;33mlacrimotaku[0m:[94mes[0m
2025-01-20 22:23:56,997 - INFO - helpers_bot.py - [1;33mimportar_[0m:[94ma[0m
2025-01-20 22:23:59,647 - INFO - helpers_bot.py - [1;33mlacrimotaku[0m:[94mccsgo[0m
2025-01-20 22:24:10,449 - INFO - helpers_bot.py - [1;33mjohanleosallegal[0m:[94mmarvel[0m
2025-01-20 22:24:12,705 - INFO - helpers_bot.py - [1;33mjohanleosallegal[0m:[94mgg[0m
2025-01-20 22:24:12,953 - INFO - helpers_bot.py - [1;33mimportar_[0m:[94mpa[0m
2025-01-20 22:24:13,225 - INFO - helpers_bot.py - [1;33mdonfollador3mil[0m:[94msoy[0m
2025-01-20 22:24:39,160 - INFO - helpers_bot.py - [1;33mxenogamegd1[0m:[94myo[0m
2025-01-20 22:25:00,107 - INFO - helpers_bot.py - [1;33mjohanleosallegal[0m:[94ma[0m
2025-01-20 22:25:01,542 - INFO - helpers_bot.py - [1;33mdonfollador3mil[0m:[94mno[0m
2025-01-20 22:25:06,842 - INFO - helpers_bot.py - [1;33mimportar_[0m:[94my[0m
2025-01-20 22:25:07,113 - INFO - helpers_bot.py - [1;33mxenogamegd1[0m:[94mojala[0m
2025-01-20 22:25:48,205 - INFO - helpers_bot.py - [1;33mjohanleosallegal[0m:[94mla[0m
2025-01-20 22:25:58,856 - INFO - helpers_bot.py - [1;33mlauunieves[0m:[94malberto[0m
2025-01-20 22:26:23,579 - INFO - helpers_bot.py - [1;33mdonfollador3mil[0m:[94msera[0m
2025-01-20 22:26:34,486 - INFO - helpers_bot.py - [1;33mxenogamegd1[0m:[94m:v[0m
2025-01-20 22:26:35,358 - INFO - helpers_bot.py - [1;33mlacrimotaku[0m:[94mdale[0m
2025-01-20 22:26:36,094 - INFO - helpers_bot.py - [1;33mjohanleosallegal[0m:[94maver[0m
2025-01-20 22:26:37,807 - INFO - helpers_bot.py - [1;33mimportar_[0m:[94mle[0m
2025-01-20 22:26:41,414 - INFO - helpers_bot.py - [1;33mimportar_[0m:[94mlo[0m
2025-01-20 22:26:45,785 - INFO - helpers_bot.py - [1;33mlacrimotaku[0m:[94mva[0m
2025-01-20 22:26:58,895 - INFO - helpers_bot.py - [1;33mdonfollador3mil[0m:[94m!ladrillo[0m
2025-01-20 22:26:58,988 - INFO - helpers_stats.py - Estadísticas actualizadas: ladrillos | channel: 1
2025-01-20 22:26:59,073 - INFO - helpers_stats.py - Estadísticas actualizadas: xp_Resistencia | donfollador3mil: 0.15
2025-01-20 22:26:59,738 - INFO - helpers_bot.py - [1;33mlauunieves[0m:[94me.e[0m
2025-01-20 22:27:10,910 - INFO - helpers_bot.py - [1;33mlauunieves[0m:[94m@importar_[0m
2025-01-20 22:27:17,130 - INFO - helpers_bot.py - [1;33mdonfollador3mil[0m:[94msoy[0m
2025-01-20 22:27:25,263 - INFO - helpers_bot.py - [1;33mlauunieves[0m:[94msi[0m
2025-01-20 22:27:34,860 - INFO - helpers_bot.py - [1;33mdani_14k[0m:[94mwenas[0m
2025-01-20 22:27:36,803 - INFO - helpers_bot.py - [1;33mxenogamegd1[0m:[94mnieves?[0m
2025-01-20 22:27:47,724 - INFO - helpers_bot.py - [1;33mxenogamegd1[0m:[94msos[0m
2025-01-20 22:27:57,019 - INFO - helpers_bot.py - [1;33mdani_14k[0m:[94mno[0m
2025-01-20 22:28:08,840 - INFO - helpers_bot.py - [1;33mdonfollador3mil[0m:[94mhola[0m
2025-01-20 22:28:13,662 - INFO - helpers_bot.py - [1;33mjohanleosallegal[0m:[94maverrr[0m
2025-01-20 22:28:34,898 - INFO - helpers_bot.py - [1;33mdani_14k[0m:[94m@donfollador3mil[0m
2025-01-20 22:28:40,740 - INFO - helpers_bot.py - [1;33mimportar_[0m:[94motaku[0m
2025-01-20 22:28:41,246 - INFO - helpers_bot.py - [1;33mxenogamegd1[0m:[94mcomo[0m
2025-01-20 22:28:51,757 - INFO - helpers_bot.py - [1;33mjohanleosallegal[0m:[94m!pc[0m
2025-01-20 22:28:52,579 - INFO - helpers_bot.py - [1;33mimportar_[0m:[94m@xenogamegd1[0m
2025-01-20 22:28:59,051 - INFO - helpers_bot.py - [1;33mdonfollador3mil[0m:[94m@dani_14k[0m
2025-01-20 22:29:13,584 - INFO - helpers_bot.py - [1;33mxenogamegd1[0m:[94mmisteri[0m
2025-01-20 22:29:18,335 - INFO - helpers_bot.py - [1;33mjohanleosallegal[0m:[94mque[0m
2025-01-20 22:29:22,692 - INFO - helpers_bot.py - [1;33mdani_14k[0m:[94m@donfollador3mil[0m
2025-01-20 22:29:27,995 - INFO - helpers_bot.py - [1;33mxenogamegd1[0m:[94mwe[0m
2025-01-20 22:29:37,154 - INFO - helpers_bot.py - [1;33mdani_14k[0m:[94m@donfollador3mil[0m
2025-01-20 22:29:39,668 - INFO - helpers_bot.py - [1;35mdani_14k se ha unido[0m
2025-01-20 22:29:54,841 - INFO - helpers_bot.py - [1;33mjohanleosallegal[0m:[94mjajajaajaj[0m
2025-01-20 22:29:55,154 - INFO - helpers_bot.py - [1;33mdonfollador3mil[0m:[94m@dani_14k[0m
2025-01-20 22:30:18,604 - INFO - helpers_bot.py - [1;33mjohanleosallegal[0m:[94mcomo[0m
2025-01-20 22:30:38,474 - INFO - helpers_bot.py - [1;33mdani_14k[0m:[94m@donfollador3mil[0m
2025-01-20 22:30:50,760 - INFO - helpers_bot.py - [1;33mxenogamegd1[0m:[94mse[0m
2025-01-20 22:31:18,178 - INFO - helpers_bot.py - [1;33mdonfollador3mil[0m:[94m@dani_14k[0m
2025-01-20 22:31:39,550 - INFO - helpers_bot.py - [1;33mjohanleosallegal[0m:[94myo[0m
2025-01-20 22:31:57,456 - INFO - helpers_bot.py - [1;33mdani_14k[0m:[94m@donfollador3mil[0m
2025-01-20 22:32:12,076 - INFO - helpers_bot.py - [1;33mxenogamegd1[0m:[94mmas[0m
2025-01-20 22:32:14,273 - INFO - helpers_bot.py - [1;33mimportar_[0m:[94myo[0m
2025-01-20 22:33:03,204 - INFO - helpers_bot.py - [1;33mdonfollador3mil[0m:[94m@dani_14k[0m
2025-01-20 22:33:27,835 - INFO - helpers_bot.py - [1;33mimportar_[0m:[94mpor[0m
2025-01-20 22:33:28,155 - INFO - helpers_bot.py - [1;33mdonfollador3mil[0m:[94mno[0m
2025-01-20 22:33:30,613 - INFO - helpers_bot.py - [1;33mdani_14k[0m:[94m@donfollador3mil[0m
2025-01-20 22:33:54,615 - INFO - helpers_bot.py - [1;33mdonfollador3mil[0m:[94m@dani_14k[0m
2025-01-20 22:33:58,249 - INFO - helpers_bot.py - [1;33mjohanleosallegal[0m:[94mno[0m
2025-01-20 22:34:07,546 - INFO - helpers_bot.py - [1;33mdonfollador3mil[0m:[94msuelteme[0m
2025-01-20 22:34:10,871 - INFO - helpers_bot.py - [1;33mdani_14k[0m:[94mdann[0m
2025-01-20 22:34:32,399 - INFO - helpers_bot.py - [1;33mxenogamegd1[0m:[94mpara[0m
2025-01-20 22:34:50,671 - INFO - helpers_bot.py - [1;33mxenogamegd1[0m:[94mpobre[0m
2025-01-20 22:35:02,968 - INFO - helpers_bot.py - [1;33mdani_14k[0m:[94m!ban?[0m
2025-01-20 22:35:07,827 - INFO - helpers_bot.py - [1;33mdonfollador3mil[0m:[94mno[0m
2025-01-20 22:35:26,107 - INFO - helpers_bot.py - [1;33mdonfollador3mil[0m:[94mlo[0m
2025-01-20 22:35:28,380 - INFO - helpers_bot.py - [1;33mdani_14k[0m:[94mvan[0m
2025-01-20 22:35:44,425 - INFO - helpers_bot.py - [1;33mjohanleosallegal[0m:[94mesena[0m
2025-01-20 22:35:46,612 - INFO - helpers_bot.py - [1;33mdonfollador3mil[0m:[94mlo[0m
2025-01-20 22:35:48,278 - INFO - helpers_bot.py - [1;33mdani_14k[0m:[94mdann[0m
2025-01-20 22:35:53,199 - INFO - helpers_bot.py - [1;35mbad_mickey_ se ha unido[0m
2025-01-20 22:35:54,873 - INFO - helpers_bot.py - [1;33mimportar_[0m:[94mquién[0m
2025-01-20 22:36:02,885 - INFO - helpers_bot.py - [1;33mjohanleosallegal[0m:[94ma[0m
2025-01-20 22:36:08,652 - INFO - helpers_bot.py - [1;33mdonfollador3mil[0m:[94msolo[0m
2025-01-20 22:36:18,684 - INFO - helpers_bot.py - [1;33mdani_14k[0m:[94m@donfollador3mil[0m
2025-01-20 22:36:19,233 - INFO - helpers_bot.py - [1;33mxenogamegd1[0m:[94m@donfollador3mil[0m
2025-01-20 22:36:29,194 - INFO - helpers_bot.py - [1;33mdonfollador3mil[0m:[94m@xenogamegd1[0m
2025-01-20 22:36:44,220 - INFO - helpers_bot.py - [1;33mdonfollador3mil[0m:[94mwee[0m
2025-01-20 22:36:44,595 - INFO - helpers_bot.py - [1;33mdani_14k[0m:[94mfranki?[0m
2025-01-20 22:37:02,643 - INFO - helpers_bot.py - [1;33mimportar_[0m:[94mjuanito[0m
2025-01-20 22:37:07,439 - INFO - helpers_bot.py - [1;33mdonfollador3mil[0m:[94m@dani_14k[0m
2025-01-20 22:37:09,107 - INFO - helpers_bot.py - [1;33mdani_14k[0m:[94meres[0m
2025-01-20 22:37:13,695 - INFO - helpers_bot.py - [1;33mdonfollador3mil[0m:[94m@importar_[0m
2025-01-20 22:37:22,107 - INFO - helpers_bot.py - [1;33mdonfollador3mil[0m:[94m@dani_14k[0m
2025-01-20 22:37:25,612 - INFO - helpers_bot.py - [1;33mimportar_[0m:[94momg[0m
2025-01-20 22:37:48,763 - INFO - helpers_bot.py - [1;33mimportar_[0m:[94mjajaja[0m
2025-01-20 22:37:50,308 - INFO - helpers_bot.py - [1;33mjohanleosallegal[0m:[94my[0m
2025-01-20 22:38:10,567 - INFO - helpers_bot.py - [1;33mdani_14k[0m:[94mlo[0m
2025-01-20 22:38:14,103 - INFO - helpers_bot.py - [1;33mdonfollador3mil[0m:[94m@importar_[0m
2025-01-20 22:38:21,499 - INFO - helpers_bot.py - [1;33mdonfollador3mil[0m:[94mno[0m
2025-01-20 22:38:26,113 - INFO - helpers_bot.py - [1;33mdonfollador3mil[0m:[94mnono[0m
2025-01-20 22:38:27,173 - INFO - helpers_bot.py - [1;33mdonfollador3mil[0m:[94msoy[0m
2025-01-20 22:38:39,604 - INFO - helpers_bot.py - [1;33mdani_14k[0m:[94m@donfollador3mil[0m
2025-01-20 22:38:39,810 - INFO - helpers_bot.py - [1;33mimportar_[0m:[94moh[0m
2025-01-20 22:38:41,247 - INFO - helpers_bot.py - [1;33mdonfollador3mil[0m:[94mya[0m
2025-01-20 22:38:47,272 - INFO - helpers_bot.py - [1;33mmarlightwi[0m:[94mprendí[0m
2025-01-20 22:38:50,382 - INFO - helpers_bot.py - [1;33mdonfollador3mil[0m:[94mconmienza[0m
2025-01-20 22:38:52,588 - INFO - helpers_bot.py - [1;33mdani_14k[0m:[94mloslorllamachida[0m
2025-01-20 22:38:59,296 - INFO - helpers_bot.py - [1;33mdani_14k[0m:[94mxeno?[0m
2025-01-20 22:39:01,773 - INFO - helpers_bot.py - [1;33mxenogamegd1[0m:[94mxele?[0m
2025-01-20 22:39:07,720 - INFO - helpers_bot.py - [1;33mxenogamegd1[0m:[94mque[0m
2025-01-20 22:39:10,299 - INFO - helpers_bot.py - [1;33mimportar_[0m:[94mxxxtentación[0m
2025-01-20 22:39:18,866 - INFO - helpers_bot.py - [1;33mdonfollador3mil[0m:[94mxeno[0m
2025-01-20 22:39:35,576 - INFO - helpers_bot.py - [1;33mxenogamegd1[0m:[94ma[0m
2025-01-20 22:39:50,119 - INFO - helpers_bot.py - [1;33mxenogamegd1[0m:[94mme[0m
2025-01-20 22:39:59,097 - INFO - helpers_bot.py - [1;33mimportar_[0m:[94mes[0m
2025-01-20 22:40:04,417 - INFO - helpers_bot.py - [1;33mlauunieves[0m:[94mmás[0m
2025-01-20 22:40:05,355 - INFO - helpers_bot.py - [1;33mxenogamegd1[0m:[94msoy[0m
2025-01-20 22:40:26,146 - INFO - helpers_bot.py - [1;33mdani_14k[0m:[94mpor[0m
2025-01-20 22:40:34,008 - INFO - helpers_bot.py - [1;33mimportar_[0m:[94mya[0m
2025-01-20 22:41:07,695 - INFO - helpers_bot.py - [1;33mdani_14k[0m:[94mera[0m
2025-01-20 22:41:10,931 - INFO - helpers_bot.py - [1;33mxenogamegd1[0m:[94mjajajaj[0m
2025-01-20 22:41:14,958 - INFO - helpers_bot.py - [1;33mlauunieves[0m:[94mserá[0m
2025-01-20 22:41:16,246 - INFO - helpers_bot.py - [1;33mdani_14k[0m:[94mhaci[0m
2025-01-20 22:41:20,628 - INFO - helpers_bot.py - [1;33mlauunieves[0m:[94mel[0m
2025-01-20 22:41:35,565 - INFO - helpers_bot.py - [1;33mimportar_[0m:[94mdoble[0m
2025-01-20 22:41:38,089 - INFO - helpers_bot.py - [1;33mxenogamegd1[0m:[94mhaaa[0m
2025-01-20 22:42:02,048 - INFO - helpers_bot.py - [1;33mxenogamegd1[0m:[94mya[0m
2025-01-20 22:42:04,571 - INFO - helpers_bot.py - [1;33mlauunieves[0m:[94myo[0m
2025-01-20 22:42:16,607 - INFO - helpers_bot.py - [1;33mjeanca_03[0m:[94ma[0m
2025-01-20 22:42:17,063 - INFO - helpers_bot.py - [1;33mdani_14k[0m:[94mle[0m
2025-01-20 22:42:17,264 - INFO - helpers_bot.py - [1;33mimportar_[0m:[94mdijo[0m
2025-01-20 22:42:48,372 - INFO - helpers_bot.py - [1;33mdani_14k[0m:[94myo[0m
2025-01-20 22:42:52,336 - INFO - helpers_bot.py - [1;33mxenogamegd1[0m:[94my[0m
2025-01-20 22:43:04,139 - INFO - helpers_bot.py - [1;33mimportar_[0m:[94myo[0m
2025-01-20 22:43:18,215 - INFO - helpers_bot.py - [1;33mlauunieves[0m:[94mpjsalt1[0m
2025-01-20 22:43:18,952 - INFO - helpers_bot.py - [1;33mfrankraitv[0m:[94mdato[0m
2025-01-20 22:43:34,497 - INFO - helpers_bot.py - [1;33mdani_14k[0m:[94mfranki[0m
2025-01-20 22:43:38,334 - INFO - helpers_bot.py - [1;35mjeanca_03 se ha unido[0m
2025-01-20 22:43:45,260 - INFO - helpers_bot.py - [1;33mfrankraitv[0m:[94mperdón[0m
2025-01-20 22:44:03,913 - INFO - helpers_bot.py - [1;33mfrankraitv[0m:[94mpero[0m
2025-01-20 22:44:08,256 - INFO - helpers_bot.py - [1;33mfrankraitv[0m:[94mbigsad[0m
2025-01-20 22:44:08,681 - INFO - helpers_bot.py - [1;33mxenogamegd1[0m:[94mno[0m
2025-01-20 22:44:09,917 - INFO - helpers_bot.py - [1;33mdani_14k[0m:[94m@frankraitv[0m
2025-01-20 22:44:15,002 - INFO - helpers_bot.py - [1;33mimportar_[0m:[94mquieres[0m
2025-01-20 22:44:22,880 - INFO - helpers_bot.py - [1;33mxenogamegd1[0m:[94mte[0m
2025-01-20 22:44:27,004 - INFO - helpers_bot.py - [1;33mdani_14k[0m:[94mentonces[0m
2025-01-20 22:44:31,842 - INFO - helpers_bot.py - [1;33mjeanca_03[0m:[94mpuedo?[0m
2025-01-20 22:44:36,821 - INFO - helpers_bot.py - [1;33mimportar_[0m:[94msoy[0m
2025-01-20 22:44:39,205 - INFO - helpers_bot.py - [1;33mjeanca_03[0m:[94mlaprim1bailee[0m
2025-01-20 22:44:41,115 - INFO - helpers_bot.py - [1;33mlauunieves[0m:[94mdannda3jaja[0m
2025-01-20 22:44:46,388 - INFO - helpers_bot.py - [1;33mxenogamegd1[0m:[94mjjaja[0m
2025-01-20 22:44:49,263 - INFO - helpers_bot.py - [1;33mmarlightwi[0m:[94mya[0m
2025-01-20 22:44:58,381 - INFO - helpers_bot.py - [1;33mfrankraitv[0m:[94msi[0m
2025-01-20 22:45:00,489 - INFO - helpers_bot.py - [1;33mimportar_[0m:[94mestá[0m
2025-01-20 22:45:06,563 - INFO - helpers_bot.py - [1;33mimportar_[0m:[94m2[0m
2025-01-20 22:45:14,758 - INFO - helpers_bot.py - [1;33mfrankraitv[0m:[94minvite[0m
2025-01-20 22:45:14,965 - INFO - helpers_bot.py - [1;33mlauunieves[0m:[94mlike[0m
2025-01-20 22:45:21,207 - INFO - helpers_bot.py - [1;33mmarlightwi[0m:[94mno[0m
2025-01-20 22:45:22,794 - INFO - helpers_bot.py - [1;33mfrankraitv[0m:[94mya[0m
2025-01-20 22:45:31,403 - INFO - helpers_bot.py - [1;33mdani_14k[0m:[94m@importar_[0m
2025-01-20 22:45:42,018 - INFO - helpers_bot.py - [1;33mlauunieves[0m:[94mgay[0m
2025-01-20 22:45:47,609 - INFO - helpers_bot.py - [1;33mfrankraitv[0m:[94mlul[0m
2025-01-20 22:45:56,340 - INFO - helpers_bot.py - [1;33mdani_14k[0m:[94m@importar_[0m
2025-01-20 22:45:59,639 - INFO - helpers_bot.py - [1;33mxenogamegd1[0m:[94mtambien[0m
2025-01-20 22:46:04,040 - INFO - helpers_bot.py - [1;33mimportar_[0m:[94ma[0m
2025-01-20 22:46:05,211 - INFO - helpers_bot.py - [1;33mfrankraitv[0m:[94m@dani_14k[0m
2025-01-20 22:46:26,456 - INFO - helpers_bot.py - [1;33mlauunieves[0m:[94msi[0m
2025-01-20 22:46:26,790 - INFO - helpers_bot.py - [1;33mfrankraitv[0m:[94mdato[0m
2025-01-20 22:46:42,446 - INFO - helpers_bot.py - [1;33mdani_14k[0m:[94m@frankraitv[0m
2025-01-20 22:46:48,631 - INFO - helpers_bot.py - [1;33mimportar_[0m:[94mtoma[0m
2025-01-20 22:47:06,318 - INFO - helpers_bot.py - [1;33mdani_14k[0m:[94mimportar[0m
2025-01-20 22:47:15,833 - INFO - helpers_bot.py - [1;33mmarlightwi[0m:[94mya[0m
2025-01-20 22:47:17,564 - INFO - helpers_bot.py - [1;33mfrankraitv[0m:[94mse[0m
2025-01-20 22:47:29,014 - INFO - helpers_bot.py - [1;33mfrankraitv[0m:[94mbueno[0m
2025-01-20 22:47:44,971 - INFO - helpers_bot.py - [1;33mimportar_[0m:[94m@danndato[0m
2025-01-20 22:47:53,908 - INFO - helpers_bot.py - [1;33mdani_14k[0m:[94m@frankraitv[0m
2025-01-20 22:48:31,391 - INFO - helpers_bot.py - [1;33mfrankraitv[0m:[94m@dani_14k[0m
2025-01-20 22:48:34,786 - INFO - helpers_bot.py - [1;33mxenogamegd1[0m:[94mbueno[0m
2025-01-20 22:48:35,842 - INFO - helpers_bot.py - [1;33mdani_14k[0m:[94mjajaja[0m
2025-01-20 22:48:49,264 - INFO - helpers_bot.py - [1;33mlauunieves[0m:[94muni1[0m
2025-01-20 22:48:51,876 - INFO - helpers_bot.py - [1;33mdani_14k[0m:[94mawebo[0m
2025-01-20 22:49:21,017 - INFO - helpers_bot.py - [1;33mfrankraitv[0m:[94mahora[0m
2025-01-20 22:49:30,260 - INFO - helpers_bot.py - [1;33mdani_14k[0m:[94myo[0m
2025-01-20 22:49:39,809 - INFO - helpers_bot.py - [1;33mdani_14k[0m:[94mjajsjjsjs[0m
2025-01-20 22:50:05,157 - INFO - helpers_bot.py - [1;33mxenogamegd1[0m:[94mmuy[0m
2025-01-20 22:50:18,820 - INFO - helpers_bot.py - [1;33mfrankraitv[0m:[94mdannda3mblow[0m
2025-01-20 22:50:19,014 - INFO - helpers_bot.py - [1;33mdani_14k[0m:[94mporque[0m
2025-01-20 22:50:32,512 - INFO - helpers_bot.py - [1;33mmarlightwi[0m:[94manyways[0m
2025-01-20 22:50:34,275 - INFO - helpers_bot.py - [1;33mimportar_[0m:[94mno[0m
2025-01-20 22:50:49,407 - INFO - helpers_bot.py - [1;33mdani_14k[0m:[94mimportar[0m
2025-01-20 22:50:52,926 - INFO - helpers_bot.py - [1;33mlauunieves[0m:[94maño[0m
2025-01-20 22:50:57,272 - INFO - helpers_bot.py - [1;33mmarlightwi[0m:[94mbuenas[0m
2025-01-20 22:51:08,665 - INFO - helpers_bot.py - [1;33mlauunieves[0m:[94mbuenas[0m
2025-01-20 22:51:09,358 - INFO - helpers_bot.py - [1;33mmarlightwi[0m:[94m@lauunieves[0m
2025-01-20 22:51:21,175 - INFO - helpers_bot.py - [1;33mdani_14k[0m:[94mmaten[0m
2025-01-20 22:51:38,232 - INFO - helpers_bot.py - [1;33mfrankraitv[0m:[94mla[0m
2025-01-20 22:51:38,481 - INFO - helpers_bot.py - [1;33mlauunieves[0m:[94m<3[0m
2025-01-20 22:51:39,344 - INFO - helpers_bot.py - [1;33mxenogamegd1[0m:[94mcomo[0m
2025-01-20 22:51:42,790 - INFO - helpers_bot.py - [1;33mfrankraitv[0m:[94mvalió[0m
2025-01-20 22:52:42,224 - INFO - helpers_bot.py - [1;33mdani_14k[0m:[94mya[0m
2025-01-20 22:52:53,103 - INFO - helpers_bot.py - [1;33mfrankraitv[0m:[94mdannda3mblow[0m
2025-01-20 22:52:57,918 - INFO - helpers_bot.py - [1;33mlauunieves[0m:[94mrubbkekw[0m
2025-01-20 22:53:04,220 - INFO - helpers_bot.py - [1;33mdani_14k[0m:[94metapa[0m
2025-01-20 22:53:10,106 - INFO - helpers_bot.py - [1;33mxenogamegd1[0m:[94mbueno[0m
2025-01-20 22:53:11,507 - INFO - helpers_bot.py - [1;33mlauunieves[0m:[94mloslorpedillos[0m
2025-01-20 22:53:16,999 - INFO - helpers_bot.py - [1;33mxenogamegd1[0m:[94mahora[0m
2025-01-20 22:53:23,809 - INFO - helpers_bot.py - [1;33mlauunieves[0m:[94mdannda3bye[0m
2025-01-20 22:53:28,173 - INFO - helpers_bot.py - [1;33mfrankraitv[0m:[94m@dani_14k[0m
2025-01-20 22:53:40,984 - INFO - helpers_bot.py - [1;33mimportar_[0m:[94mhipotecamos[0m
2025-01-20 22:53:43,559 - INFO - helpers_bot.py - [1;33mdani_14k[0m:[94m@xenogamegd1[0m
2025-01-20 22:53:44,531 - INFO - helpers_bot.py - [1;33mxenogamegd1[0m:[94m<mensaje[0m
2025-01-20 22:53:53,384 - INFO - helpers_bot.py - [1;33mfrankraitv[0m:[94mfrankr27frankpreocupado[0m
2025-01-20 22:53:59,957 - INFO - helpers_bot.py - [1;33mxenogamegd1[0m:[94m@dani_14k[0m
2025-01-20 22:54:02,858 - INFO - helpers_bot.py - [1;33mdani_14k[0m:[94m@frankraitv[0m
2025-01-20 22:54:07,026 - INFO - helpers_bot.py - [1;33mlauunieves[0m:[94mde[0m
2025-01-20 22:54:13,682 - INFO - helpers_bot.py - [1;33mfrankraitv[0m:[94mse[0m
2025-01-20 22:54:17,997 - INFO - helpers_bot.py - [1;33mdani_14k[0m:[94m@xenogamegd1[0m
2025-01-20 22:54:18,574 - INFO - helpers_bot.py - [1;33mjohanleosallegal[0m:[94mjajajajaka[0m
2025-01-20 22:54:22,866 - INFO - helpers_bot.py - [1;33mjohanleosallegal[0m:[94mno[0m
2025-01-20 22:54:27,366 - INFO - helpers_bot.py - [1;33mjohanleosallegal[0m:[94mxd[0m
2025-01-20 22:54:30,849 - INFO - helpers_bot.py - [1;33mxenogamegd1[0m:[94m@dani_14k[0m
2025-01-20 22:54:35,507 - INFO - helpers_bot.py - [1;33mimportar_[0m:[94m@frankraitv[0m
2025-01-20 22:54:40,360 - INFO - helpers_bot.py - [1;33mdani_14k[0m:[94m@frankraitv[0m
2025-01-20 22:54:41,578 - INFO - helpers_bot.py - [1;33mjohanleosallegal[0m:[94mnooooooooooo[0m
2025-01-20 22:54:54,347 - INFO - helpers_bot.py - [1;33mfrankraitv[0m:[94m@importar_[0m
2025-01-20 22:55:01,865 - INFO - helpers_bot.py - [1;33mdani_14k[0m:[94msi[0m
2025-01-20 22:55:04,592 - INFO - helpers_bot.py - [1;33mfrankraitv[0m:[94m@dani_14k[0m
2025-01-20 22:55:17,688 - INFO - helpers_bot.py - [1;33mdani_14k[0m:[94m@frankraitv[0m
2025-01-20 22:55:28,175 - INFO - helpers_bot.py - [1;33mjohanleosallegal[0m:[94mcambiete[0m
2025-01-20 22:55:38,025 - INFO - helpers_bot.py - [1;33mdani_14k[0m:[94mel[0m
2025-01-20 22:55:44,236 - INFO - helpers_bot.py - [1;33mfrankraitv[0m:[94msiu[0m
2025-01-20 22:56:02,179 - INFO - helpers_bot.py - [1;33mfrankraitv[0m:[94mpero[0m
2025-01-20 22:56:13,292 - INFO - helpers_bot.py - [1;33mfrankraitv[0m:[94mlul[0m
2025-01-20 22:56:28,213 - INFO - helpers_bot.py - [1;33mdani_14k[0m:[94m@frankraitv[0m
2025-01-20 22:56:35,077 - INFO - helpers_bot.py - [1;33mfrankraitv[0m:[94mnah[0m
2025-01-20 22:56:39,899 - INFO - helpers_bot.py - [1;33mfrankraitv[0m:[94mdannda3mblow[0m
2025-01-20 22:56:43,501 - INFO - helpers_bot.py - [1;33mdani_14k[0m:[94mel[0m
2025-01-20 22:56:46,657 - INFO - helpers_bot.py - [1;33mfrankraitv[0m:[94mpor[0m
2025-01-20 22:56:47,990 - INFO - helpers_bot.py - [1;33mimportar_[0m:[94mbueno[0m
2025-01-20 22:57:28,306 - INFO - helpers_bot.py - [1;33mlauunieves[0m:[94m<3[0m
2025-01-20 22:57:54,002 - INFO - helpers_bot.py - [1;33mfrankraitv[0m:[94mah[0m
2025-01-20 22:58:59,070 - INFO - helpers_bot.py - [1;33mlauunieves[0m:[94mcheerwhal1[0m
2025-01-20 22:59:10,655 - INFO - helpers_bot.py - [1;33mfrankraitv[0m:[94mbásicamente[0m
2025-01-20 23:00:49,105 - INFO - helpers_bot.py - [1;33mnightbot[0m:[94msi[0m
2025-01-20 23:01:12,786 - INFO - helpers_bot.py - [1;33mfrankraitv[0m:[94mentonces[0m
2025-01-20 23:01:16,662 - INFO - helpers_bot.py - [1;33mfrankraitv[0m:[94mperdón[0m
2025-01-20 23:04:06,447 - INFO - helpers_bot.py - [1;33mfrankraitv[0m:[94mno[0m
2025-01-20 23:07:37,118 - INFO - helpers_bot.py - [1;33mfrankraitv[0m:[94myo[0m
2025-01-20 23:07:39,088 - INFO - helpers_bot.py - [1;33mfrankraitv[0m:[94mjajsjajska[0m
2025-01-20 23:08:46,820 - INFO - helpers_bot.py - [1;33mfrankraitv[0m:[94mquien[0m
2025-01-20 23:08:46,907 - INFO - helpers_bot.py - [1;35mfrankraitv se ha unido[0m
2025-01-20 23:09:10,641 - INFO - helpers_bot.py - [1;33mlauunieves[0m:[94mdinodance[0m
2025-01-20 23:09:55,602 - INFO - helpers_bot.py - [1;33mfrankraitv[0m:[94mni[0m
2025-01-20 23:10:12,576 - INFO - helpers_bot.py - [1;33mfrankraitv[0m:[94mjuguemos[0m
2025-01-20 23:10:44,514 - INFO - helpers_bot.py - [1;33mfrankraitv[0m:[94msisas[0m
2025-01-20 23:10:53,265 - INFO - helpers_bot.py - [1;33mdani_14k[0m:[94mdinodance[0m
2025-01-20 23:11:02,179 - INFO - helpers_bot.py - [1;33mfrankraitv[0m:[94mel[0m
2025-01-20 23:11:08,639 - INFO - helpers_bot.py - [1;33mfrankraitv[0m:[94mfrankr27frankjuahaha[0m
2025-01-20 23:11:50,279 - INFO - helpers_bot.py - [1;33mdani_14k[0m:[94mloslorsuperchop[0m
2025-01-20 23:11:55,886 - INFO - helpers_bot.py - [1;33mfrankraitv[0m:[94mtranqui[0m
2025-01-20 23:11:57,889 - INFO - helpers_bot.py - [1;35mdani_14k se ha unido[0m
2025-01-20 23:12:23,958 - INFO - helpers_bot.py - [1;33mlauunieves[0m:[94mfrankr27lovefrank[0m
2025-01-20 23:12:37,371 - INFO - helpers_bot.py - [1;33mfrankraitv[0m:[94mla[0m
2025-01-20 23:13:12,883 - INFO - helpers_bot.py - [1;33mfrankraitv[0m:[94myo[0m
2025-01-20 23:13:24,286 - INFO - helpers_bot.py - [1;33mdani_14k[0m:[94myo[0m
2025-01-20 23:13:56,065 - INFO - helpers_bot.py - [1;33mfrankraitv[0m:[94mtrabajo[0m
2025-01-20 23:13:59,087 - INFO - helpers_bot.py - [1;33mfrankraitv[0m:[94mno[0m
2025-01-20 23:14:08,173 - INFO - helpers_bot.py - [1;33mfrankraitv[0m:[94mincluso[0m
2025-01-20 23:14:14,017 - INFO - helpers_bot.py - [1;33mfrankraitv[0m:[94mgane[0m
2025-01-20 23:14:37,162 - INFO - helpers_bot.py - [1;33mfrankraitv[0m:[94munos[0m
2025-01-20 23:15:20,504 - INFO - helpers_bot.py - [1;33mdani_14k[0m:[94myo[0m
2025-01-20 23:15:40,583 - INFO - helpers_bot.py - [1;33mfrankraitv[0m:[94mpoquito[0m
2025-01-20 23:16:00,115 - INFO - helpers_bot.py - [1;35morzon_brs se ha unido[0m
2025-01-20 23:16:14,084 - INFO - helpers_bot.py - [1;33morzon_brs[0m:[94mperrito[0m
2025-01-20 23:16:48,466 - INFO - helpers_bot.py - [1;33morzon_brs[0m:[94msiwa[0m
2025-01-20 23:17:17,622 - INFO - helpers_bot.py - [1;33morzon_brs[0m:[94mmañana[0m
2025-01-20 23:17:40,019 - INFO - helpers_bot.py - [1;33mfrankraitv[0m:[94mhablando[0m
2025-01-20 23:17:43,120 - INFO - helpers_bot.py - [1;33mdani_14k[0m:[94mdinodance[0m
2025-01-20 23:17:45,549 - INFO - helpers_bot.py - [1;33mfrankraitv[0m:[94mpero[0m
2025-01-20 23:17:57,241 - INFO - helpers_bot.py - [1;33mdani_14k[0m:[94mdannda3bye[0m
2025-01-20 23:18:07,394 - INFO - helpers_bot.py - [1;33morzon_brs[0m:[94mhay[0m
2025-01-20 23:18:11,399 - INFO - helpers_bot.py - [1;35myuichiromonster se ha unido[0m
2025-01-20 23:18:22,239 - INFO - helpers_bot.py - [1;33mlauunieves[0m:[94mdannda3bye[0m
2025-01-20 23:18:42,674 - INFO - helpers_bot.py - [1;33mlauunieves[0m:[94mdinodance[0m
2025-01-20 23:18:44,863 - INFO - helpers_bot.py - [1;33mfrankraitv[0m:[94mchau[0m
2025-01-20 23:18:52,897 - INFO - helpers_bot.py - [1;33mlauunieves[0m:[94mpopnemo[0m
2025-01-20 23:19:17,805 - INFO - helpers_bot.py - [1;33mdani_14k[0m:[94mchao[0m
2025-01-20 23:19:36,630 - INFO - helpers_bot.py - [1;33mlauunieves[0m:[94mdannda3bye[0m
2025-01-20 23:20:01,833 - INFO - helpers_bot.py - [1;33mliliana_55xiii[0m:[94mcomo[0m
2025-01-20 23:20:14,000 - INFO - helpers_bot.py - [1;33mlauunieves[0m:[94mjajajajajaja[0m
2025-01-20 23:20:21,522 - INFO - helpers_bot.py - [1;33mliliana_55xiii[0m:[94mjajsja[0m
2025-01-20 23:20:23,059 - INFO - helpers_bot.py - [1;33mdani_14k[0m:[94mf[0m
2025-01-20 23:20:32,905 - INFO - helpers_bot.py - [1;33mlauunieves[0m:[94mdannda3llamamo[0m
2025-01-20 23:20:44,377 - INFO - helpers_bot.py - [1;33mfrankraitv[0m:[94mchao[0m
2025-01-20 23:21:35,160 - INFO - helpers_bot.py - [1;35mliliana_55xiii se ha unido[0m
2025-01-20 23:27:15,149 - INFO - helpers_bot.py - [1;33mdani_14k[0m:[94mbotón[0m
2025-01-20 23:27:19,010 - INFO - helpers_bot.py - [1;33mdani_14k[0m:[94muqjajajaja[0m
2025-01-20 23:29:00,022 - INFO - helpers_bot.py - [1;35mdani_14k se ha unido[0m
